Archive member included because of file (symbol)

/media/BBB/lib/gcc/arm-linux-gnueabihf/4.9.1/libgcc.a(_divsi3.o)
                              platform/common/menu_pico.o (__aeabi_idiv)
/media/BBB/lib/gcc/arm-linux-gnueabihf/4.9.1/libgcc.a(_aeabi_ldivmod.o)
                              pico/32x/sh2soc.o (__aeabi_ldivmod)
/media/BBB/lib/gcc/arm-linux-gnueabihf/4.9.1/libgcc.a(_dvmd_lnx.o)
                              /media/BBB/lib/gcc/arm-linux-gnueabihf/4.9.1/libgcc.a(_divsi3.o) (__aeabi_idiv0)
/media/BBB/lib/gcc/arm-linux-gnueabihf/4.9.1/libgcc.a(bpabi.o)
                              /media/BBB/lib/gcc/arm-linux-gnueabihf/4.9.1/libgcc.a(_aeabi_ldivmod.o) (__gnu_ldivmod_helper)
/media/BBB/lib/gcc/arm-linux-gnueabihf/4.9.1/libgcc.a(_divdi3.o)
                              /media/BBB/lib/gcc/arm-linux-gnueabihf/4.9.1/libgcc.a(bpabi.o) (__divdi3)
/media/BBB/lib/gcc/arm-linux-gnueabihf/4.9.1/libgcc.a(_udivdi3.o)
                              /media/BBB/lib/gcc/arm-linux-gnueabihf/4.9.1/libgcc.a(bpabi.o) (__udivdi3)
/usr/lib/arm-linux-gnueabihf/libc_nonshared.a(elf-init.oS)
                              /usr/lib/arm-linux-gnueabihf/crt1.o (__libc_csu_init)

Allocating common symbols
Common symbol       size              file

p32x_bios_s         0x4               pico/32x/memory.o
z80_write_map       0x20              pico/z80if.o
last_z80_sync       0x4               pico/pico.o
DrawScanline        0x4               pico/draw.o
rom_fname_reload    0x4               platform/common/emu.o
HighLnSpr           0x1e00            pico/draw.o
PicoAutoRgnOrder    0x4               pico/pico.o
SekCycleCnt         0x4               pico/sek.o
carthw_chunks       0x4               pico/state.o
PicoSkipFrame       0x4               pico/pico.o
pcd_event_times     0x10              pico/cd/mcd.o
currentConfig       0x6c              platform/common/emu.o
plat_sdl_resize_cb  0x4               platform/libpicofe/plat_sdl.o
timer_a_step        0x4               pico/sound/sound.o
SekCycleCntS68k     0x4               pico/cd/sek.o
sh2s                0x25b8            pico/32x/32x.o
plat_target         0x34              platform/libpicofe/plat_dummy.o
ym_tl_tab           0x34000           pico/sound/ym2612.o
SRam                0x18              pico/pico.o
PicoPicohw          0x208             pico/pico/pico.o
s68k_read16_map     0x400             pico/cd/memory.o
z80_scanline        0x4               pico/pico.o
PicoQuirks          0x4               pico/pico.o
plat_sdl_gl_active  0x4               platform/libpicofe/plat_sdl.o
plat_sdl_screen     0x4               platform/libpicofe/plat_sdl.o
g_menuscreen_h      0x4               platform/common/menu_pico.o
SekCycleAimS68k     0x4               pico/cd/sek.o
g_menubg_src_ptr    0x4               platform/common/menu_pico.o
PicoAHW             0x4               pico/pico.o
DrawLineDestIncrement
                    0x4               pico/draw.o
scanlines_total     0x4               pico/pico.o
m68k_read16_map     0x400             pico/memory.o
rendstatus_old      0x4               pico/draw.o
PicoCpuCS68k        0xb0              pico/cd/sek.o
PicoCartMemSetup    0x4               pico/cart.o
PicoOpt             0x4               pico/pico.o
HighPreSpr          0x284             pico/draw.o
plat_sdl_overlay    0x4               platform/libpicofe/plat_sdl.o
timer_a_next_oflow  0x4               pico/sound/sound.o
z80_read_map        0x20              pico/z80if.o
g_autostateld_opt   0x4               platform/common/menu_pico.o
z80_cycle_aim       0x4               pico/pico.o
p32x_bios_m         0x4               pico/32x/memory.o
timer_b_next_oflow  0x4               pico/sound/sound.o
g_menuscreen_ptr    0x4               platform/common/menu_pico.o
PicoCpuCM68k        0xb0              pico/sek.o
z80_cycle_cnt       0x4               pico/pico.o
plat_sdl_quit_cb    0x4               platform/libpicofe/plat_sdl.o
PicoStateProgressCB
                    0x4               pico/state.o
drZ80               0x7c              pico/z80if.o
Pico32xDrawMode     0x4               pico/32x/draw.o
PicoLoadStateHook   0x4               pico/state.o
defaultConfig       0x6c              platform/common/emu.o
m68k_write16_map    0x400             pico/memory.o
s68k_read8_map      0x400             pico/cd/memory.o
Pico                0x222c8           pico/pico.o
s68k_write16_map    0x400             pico/cd/memory.o
PicoScan32xBegin    0x4               pico/32x/draw.o
rendlines           0x4               pico/draw.o
SekCycleAim         0x4               pico/sek.o
m68k_write8_map     0x400             pico/memory.o
line_base_cycles    0x4               pico/videoport.o
tcache              0x200000          cpu/drc/cmn.o
PicoScan32xEnd      0x4               pico/32x/draw.o
in_evdev_allow_abs_only
                    0x4               platform/libpicofe/linux/in_evdev.o
g_menuscreen_w      0x4               platform/common/menu_pico.o
[...]
Memory Configuration

Name             Origin             Length             Attributes
*default*        0x00000000         0xffffffff

Linker script and memory map

LOAD /usr/lib/arm-linux-gnueabihf/crt1.o
LOAD /usr/lib/arm-linux-gnueabihf/crti.o
LOAD /media/BBB/lib/gcc/arm-linux-gnueabihf/4.9.1/crtbegin.o
LOAD platform/linux/emu.o
LOAD platform/linux/blit.o
LOAD platform/common/plat_sdl.o
LOAD platform/libpicofe/plat_sdl.o
LOAD platform/libpicofe/in_sdl.o
LOAD platform/libpicofe/plat_dummy.o
LOAD platform/common/main.o
LOAD platform/common/emu.o
LOAD platform/common/menu_pico.o
LOAD platform/common/config_file.o
LOAD platform/libpicofe/input.o
LOAD platform/libpicofe/readpng.o
LOAD platform/libpicofe/fonts.o
LOAD platform/libpicofe/linux/in_evdev.o
LOAD platform/libpicofe/linux/plat.o
LOAD platform/libpicofe/sndout.o
LOAD platform/libpicofe/sndout_sdl.o
LOAD platform/libpicofe/arm_linux.o
LOAD platform/common/mp3.o
LOAD platform/common/mp3_dummy.o
LOAD zlib/gzio.o
LOAD zlib/inffast.o
LOAD zlib/inflate.o
LOAD zlib/inftrees.o
LOAD zlib/trees.o
LOAD zlib/deflate.o
LOAD zlib/crc32.o
LOAD zlib/adler32.o
LOAD zlib/zutil.o
LOAD zlib/compress.o
LOAD zlib/uncompr.o
LOAD unzip/unzip.o
LOAD unzip/unzip_stream.o
LOAD pico/draw_arm.o
LOAD pico/draw2_arm.o
LOAD pico/memory_arm.o
LOAD pico/sound/ym2612_arm.o
LOAD pico/misc_arm.o
LOAD pico/cd/misc_arm.o
LOAD pico/cd/mcd_arm.o
LOAD pico/cd/memory_arm.o
LOAD pico/sound/mix_arm.o
LOAD pico/pico.o
LOAD pico/cart.o
LOAD pico/memory.o
LOAD pico/state.o
LOAD pico/sek.o
LOAD pico/z80if.o
LOAD pico/videoport.o
LOAD pico/draw2.o
LOAD pico/draw.o
LOAD pico/mode4.o
LOAD pico/misc.o
LOAD pico/eeprom.o
LOAD pico/patch.o
LOAD pico/debug.o
LOAD pico/media.o
LOAD pico/sms.o
LOAD pico/cd/mcd.o
LOAD pico/cd/memory.o
LOAD pico/cd/sek.o
LOAD pico/cd/cdc.o
LOAD pico/cd/cdd.o
LOAD pico/cd/cd_image.o
LOAD pico/cd/cue.o
LOAD pico/cd/gfx.o
LOAD pico/cd/gfx_dma.o
LOAD pico/cd/misc.o
LOAD pico/cd/pcm.o
LOAD pico/32x/32x.o
LOAD pico/32x/memory.o
LOAD pico/32x/draw.o
LOAD pico/32x/sh2soc.o
LOAD pico/32x/pwm.o
LOAD pico/pico/pico.o
LOAD pico/pico/memory.o
LOAD pico/pico/xpcm.o
LOAD pico/carthw/carthw.o
LOAD pico/carthw/svp/svp.o
LOAD pico/carthw/svp/memory.o
LOAD pico/carthw/svp/ssp16.o
LOAD pico/carthw/svp/stub_arm.o
LOAD pico/carthw/svp/compiler.o
LOAD pico/sound/sound.o
LOAD pico/sound/sn76496.o
LOAD pico/sound/ym2612.o
LOAD pico/m68kif_cyclone.o
LOAD cpu/cyclone/Cyclone.o
LOAD cpu/cyclone/tools/idle.o
LOAD cpu/DrZ80/drz80.o
LOAD cpu/drc/cmn.o
LOAD cpu/sh2/sh2.o
LOAD cpu/sh2/compiler.o
LOAD cpu/sh2/mame/sh2pico.o
LOAD /media/BBB//lib/libSDL.so
LOAD /usr/lib/arm-linux-gnueabihf/libpthread.so
START GROUP
LOAD /lib/arm-linux-gnueabihf/libpthread.so.0
LOAD /usr/lib/arm-linux-gnueabihf/libpthread_nonshared.a
END GROUP
LOAD /usr/lib/arm-linux-gnueabihf/libpng.so
LOAD /usr/lib/arm-linux-gnueabihf/libm.so
LOAD /media/BBB/lib/gcc/arm-linux-gnueabihf/4.9.1/libgcc.a
LOAD /media/BBB//lib/libgcc_s.so
START GROUP
LOAD /media/BBB//lib/libgcc_s.so.1
LOAD /media/BBB/lib/gcc/arm-linux-gnueabihf/4.9.1/libgcc.a
END GROUP
LOAD /usr/lib/arm-linux-gnueabihf/libc.so
START GROUP
LOAD /lib/arm-linux-gnueabihf/libc.so.6
LOAD /usr/lib/arm-linux-gnueabihf/libc_nonshared.a
LOAD /lib/arm-linux-gnueabihf/ld-linux-armhf.so.3
END GROUP
LOAD /media/BBB/lib/gcc/arm-linux-gnueabihf/4.9.1/libgcc.a
LOAD /media/BBB//lib/libgcc_s.so
START GROUP
LOAD /media/BBB//lib/libgcc_s.so.1
LOAD /media/BBB/lib/gcc/arm-linux-gnueabihf/4.9.1/libgcc.a
END GROUP
LOAD /media/BBB/lib/gcc/arm-linux-gnueabihf/4.9.1/crtend.o
LOAD /usr/lib/arm-linux-gnueabihf/crtn.o
                0x00008000                PROVIDE (__executable_start, 0x8000)
                0x00008134                . = (0x8000 + SIZEOF_HEADERS)

.interp         0x00008134       0x19
 *(.interp)
 .interp        0x00008134       0x19 /usr/lib/arm-linux-gnueabihf/crt1.o

.note.ABI-tag   0x00008150       0x20
 .note.ABI-tag  0x00008150       0x20 /usr/lib/arm-linux-gnueabihf/crt1.o

.note.gnu.build-id
 *(.note.gnu.build-id)

.hash           0x00008170      0x650
 *(.hash)
 .hash          0x00008170      0x650 /usr/lib/arm-linux-gnueabihf/crt1.o

.gnu.hash
 *(.gnu.hash)

.dynsym         0x000087c0      0xcd0
 *(.dynsym)
 .dynsym        0x000087c0      0xcd0 /usr/lib/arm-linux-gnueabihf/crt1.o

.dynstr         0x00009490      0x8a9
 *(.dynstr)
 .dynstr        0x00009490      0x8a9 /usr/lib/arm-linux-gnueabihf/crt1.o

.gnu.version    0x00009d3a      0x19a
 *(.gnu.version)
 .gnu.version   0x00009d3a      0x19a /usr/lib/arm-linux-gnueabihf/crt1.o

.gnu.version_d  0x00009ed4        0x0
 *(.gnu.version_d)
 .gnu.version_d
                0x00000000        0x0 /usr/lib/arm-linux-gnueabihf/crt1.o

.gnu.version_r  0x00009ed4       0x80
 *(.gnu.version_r)
 .gnu.version_r
                0x00009ed4       0x80 /usr/lib/arm-linux-gnueabihf/crt1.o

.rel.dyn        0x00009f54       0x18
 *(.rel.init)
 *(.rel.text .rel.text.* .rel.gnu.linkonce.t.*)
 *(.rel.fini)
 *(.rel.rodata .rel.rodata.* .rel.gnu.linkonce.r.*)
 *(.rel.data.rel.ro* .rel.gnu.linkonce.d.rel.ro.*)
 *(.rel.data .rel.data.* .rel.gnu.linkonce.d.*)
 *(.rel.tdata .rel.tdata.* .rel.gnu.linkonce.td.*)
 *(.rel.tbss .rel.tbss.* .rel.gnu.linkonce.tb.*)
 *(.rel.ctors)
 *(.rel.dtors)
 *(.rel.got)
 .rel.got       0x00009f54        0x8 /usr/lib/arm-linux-gnueabihf/crt1.o
 *(.rel.bss .rel.bss.* .rel.gnu.linkonce.b.*)
 .rel.bss       0x00009f5c       0x10 /usr/lib/arm-linux-gnueabihf/crt1.o
                0x00009f6c                PROVIDE (__rel_iplt_start, .)
 *(.rel.iplt)
 .rel.iplt      0x00000000        0x0 /usr/lib/arm-linux-gnueabihf/crt1.o
                0x00009f6c                PROVIDE (__rel_iplt_end, .)
                0x00009f6c                PROVIDE (__rela_iplt_start, .)
                0x00009f6c                PROVIDE (__rela_iplt_end, .)

.rela.dyn       0x00009f6c        0x0
 *(.rela.init)
 *(.rela.text .rela.text.* .rela.gnu.linkonce.t.*)
 *(.rela.fini)
 *(.rela.rodata .rela.rodata.* .rela.gnu.linkonce.r.*)
 *(.rela.data .rela.data.* .rela.gnu.linkonce.d.*)
 *(.rela.tdata .rela.tdata.* .rela.gnu.linkonce.td.*)
 *(.rela.tbss .rela.tbss.* .rela.gnu.linkonce.tb.*)
 *(.rela.ctors)
 *(.rela.dtors)
 *(.rela.got)
 *(.rela.bss .rela.bss.* .rela.gnu.linkonce.b.*)
                0x00009f6c                PROVIDE (__rel_iplt_start, .)
                0x00009f6c                PROVIDE (__rel_iplt_end, .)
                0x00009f6c                PROVIDE (__rela_iplt_start, .)
 *(.rela.iplt)
                0x00009f6c                PROVIDE (__rela_iplt_end, .)

.rel.plt        0x00009f6c      0x3d8
 *(.rel.plt)
 .rel.plt       0x00009f6c      0x3d8 /usr/lib/arm-linux-gnueabihf/crt1.o

.rela.plt
 *(.rela.plt)

.init           0x0000a344        0xa
 *(.init)
 .init          0x0000a344        0x8 /usr/lib/arm-linux-gnueabihf/crti.o
                0x0000a344                _init
 .init          0x0000a34c        0x2 /usr/lib/arm-linux-gnueabihf/crtn.o

.plt            0x0000a350      0x5dc
 *(.plt)
 .plt           0x0000a350      0x5dc /usr/lib/arm-linux-gnueabihf/crt1.o
                0x0000a364                SDL_JoystickOpen
                0x0000a370                strerror@@GLIBC_2.4
                0x0000a37c                SDL_PeepEvents
                0x0000a388                fileno@@GLIBC_2.4
                0x0000a394                mkdir@@GLIBC_2.4
                0x0000a3a0                png_destroy_read_struct@@PNG12_0
                0x0000a3ac                mmap@@GLIBC_2.4
                0x0000a3b8                abort@@GLIBC_2.4
                0x0000a3c4                localtime@@GLIBC_2.4
                0x0000a3d0                opendir@@GLIBC_2.4
                0x0000a3dc                memcmp@@GLIBC_2.4
                0x0000a3e8                __libc_start_main@@GLIBC_2.4
                0x0000a3f4                mremap@@GLIBC_2.4
                0x0000a400                SDL_JoystickName
                0x0000a40c                SDL_WM_SetCaption
                0x0000a428                rewind@@GLIBC_2.4
                0x0000a434                vsnprintf@@GLIBC_2.4
                0x0000a440                pow@@GLIBC_2.4
                0x0000a44c                strncpy@@GLIBC_2.4
                0x0000a458                fclose@@GLIBC_2.4
                0x0000a464                fgets@@GLIBC_2.4
                0x0000a470                SDL_FreeYUVOverlay
                0x0000a47c                getenv@@GLIBC_2.4
                0x0000a488                strtod@@GLIBC_2.4
                0x0000a494                png_get_rows@@PNG12_0
                0x0000a4a0                strchr@@GLIBC_2.4
                0x0000a4ac                putchar@@GLIBC_2.4
                0x0000a4b8                strcasecmp@@GLIBC_2.4
                0x0000a4c4                calloc@@GLIBC_2.4
                0x0000a4d0                scandir@@GLIBC_2.4
                0x0000a4dc                stpcpy@@GLIBC_2.4
                0x0000a4e8                png_create_info_struct@@PNG12_0
                0x0000a4f4                fopen@@GLIBC_2.4
                0x0000a500                SDL_UnlockSurface
                0x0000a50c                memset@@GLIBC_2.4
                0x0000a518                SDL_InitSubSystem
                0x0000a524                SDL_LockSurface
                0x0000a530                png_get_image_height@@PNG12_0
                0x0000a53c                strrchr@@GLIBC_2.4
                0x0000a548                perror@@GLIBC_2.4
                0x0000a554                SDL_VideoDriverName
                0x0000a560                floor@@GLIBC_2.4
                0x0000a56c                SDL_JoystickEventState
                0x0000a578                png_get_image_width@@PNG12_0
                0x0000a584                SDL_SetVideoMode
                0x0000a590                SDL_NumJoysticks
                0x0000a59c                usleep@@GLIBC_2.4
                0x0000a5a8                SDL_LockYUVOverlay
                0x0000a5b4                png_init_io@@PNG12_0
                0x0000a5c0                free@@GLIBC_2.4
                0x0000a5cc                SDL_PumpEvents
                0x0000a5d8                gettimeofday@@GLIBC_2.4
                0x0000a5e4                fseek@@GLIBC_2.4
                0x0000a5f0                SDL_GetVideoInfo
                0x0000a5fc                fflush@@GLIBC_2.4
                0x0000a608                SDL_Init
                0x0000a614                strlen@@GLIBC_2.4
                0x0000a620                sscanf@@GLIBC_2.4
                0x0000a62c                SDL_OpenAudio
                0x0000a638                strtoul@@GLIBC_2.4
                0x0000a644                memcpy@@GLIBC_2.4
                0x0000a650                setlocale@@GLIBC_2.4
                0x0000a65c                clearerr@@GLIBC_2.4
                0x0000a668                mprotect@@GLIBC_2.4
                0x0000a674                feof@@GLIBC_2.4
                0x0000a680                ftell@@GLIBC_2.4
                0x0000a68c                strtol@@GLIBC_2.4
                0x0000a698                strcpy@@GLIBC_2.4
                0x0000a6a4                strncat@@GLIBC_2.4
                0x0000a6b0                printf@@GLIBC_2.4
                0x0000a6bc                raise@@GLIBC_2.4
                0x0000a6c8                SDL_DisplayYUVOverlay
                0x0000a6d4                alphasort@@GLIBC_2.4
                0x0000a6e0                fdopen@@GLIBC_2.4
                0x0000a6ec                strstr@@GLIBC_2.4
                0x0000a6f8                select@@GLIBC_2.4
                0x0000a704                fwrite@@GLIBC_2.4
                0x0000a710                closedir@@GLIBC_2.4
                0x0000a71c                strncasecmp@@GLIBC_2.4
                0x0000a728                remove@@GLIBC_2.4
                0x0000a734                time@@GLIBC_2.4
                0x0000a740                fprintf@@GLIBC_2.4
                0x0000a74c                malloc@@GLIBC_2.4
                0x0000a758                SDL_CloseAudio
                0x0000a764                SDL_PauseAudio
                0x0000a770                fputc@@GLIBC_2.4
                0x0000a77c                getcwd@@GLIBC_2.4
                0x0000a788                SDL_UnlockYUVOverlay
                0x0000a794                sleep@@GLIBC_2.4
                0x0000a7a0                png_read_png@@PNG12_0
                0x0000a7ac                strcat@@GLIBC_2.4
                0x0000a7b8                memmove@@GLIBC_2.4
                0x0000a7c4                SDL_CreateYUVOverlay
                0x0000a7d0                puts@@GLIBC_2.4
                0x0000a7dc                log@@GLIBC_2.4
                0x0000a7e8                strftime@@GLIBC_2.4
                0x0000a7f4                png_create_read_struct@@PNG12_0
                0x0000a800                SDL_Delay
                0x0000a80c                SDL_Flip
                0x0000a818                SDL_QuitSubSystem
                0x0000a824                SDL_Quit
                0x0000a830                readlink@@GLIBC_2.4
                0x0000a83c                sin@@GLIBC_2.4
                0x0000a848                png_get_bit_depth@@PNG12_0
                0x0000a854                rand@@GLIBC_2.4
                0x0000a860                munmap@@GLIBC_2.4
                0x0000a86c                __fxstat@@GLIBC_2.4
                0x0000a878                vfprintf@@GLIBC_2.4
                0x0000a884                snprintf@@GLIBC_2.4
                0x0000a890                SDL_JoystickClose
                0x0000a89c                fread@@GLIBC_2.4
                0x0000a8a8                SDL_GetError
                0x0000a8b4                strncmp@@GLIBC_2.4
                0x0000a8c0                gmtime@@GLIBC_2.4
                0x0000a8cc                ferror@@GLIBC_2.4
                0x0000a8d8                realloc@@GLIBC_2.4
                0x0000a8e4                __strdup@@GLIBC_2.4
                0x0000a8f0                SDL_PushEvent
                0x0000a8fc                strcmp@@GLIBC_2.4
                0x0000a908                exit@@GLIBC_2.4
                0x0000a914                __errno_location@@GLIBC_2.4
                0x0000a920                sprintf@@GLIBC_2.4

.iplt           0x0000a92c        0x0
 *(.iplt)
 .iplt          0x00000000        0x0 /usr/lib/arm-linux-gnueabihf/crt1.o

.text           0x0000a930    0x9ffbc
 *(.text.unlikely .text.*_unlikely)
 *(.text.exit .text.exit.*)
 *(.text.startup .text.startup.*)
 .text.startup.main
                0x0000a930      0x178 platform/common/main.o
                0x0000a930                main
 *(.text.hot .text.hot.*)
 *(.text .stub .text.* .gnu.linkonce.t.*)
 .text          0x0000aaa8       0x38 /usr/lib/arm-linux-gnueabihf/crt1.o
                0x0000aaa8                _start
 .text          0x0000aae0       0x18 /usr/lib/arm-linux-gnueabihf/crti.o
 .text          0x0000aaf8       0x90 /media/BBB/lib/gcc/arm-linux-gnueabihf/4.9.1/crtbegin.o
 .text.pemu_prep_defconfig
                0x0000ab88        0x4 platform/linux/emu.o
                0x0000ab88                pemu_prep_defconfig
 .text.pemu_validate_config
                0x0000ab8c       0x18 platform/linux/emu.o
                0x0000ab8c                pemu_validate_config
 .text.pemu_finalize_frame
                0x0000aba4      0x214 platform/linux/emu.o
                0x0000aba4                pemu_finalize_frame
 .text.plat_video_toggle_renderer
                0x0000adb8      0x14c platform/linux/emu.o
                0x0000adb8                plat_video_toggle_renderer
 .text.plat_status_msg_clear
                0x0000af04       0x4c platform/linux/emu.o
                0x0000af04                plat_status_msg_clear
 .text.plat_status_msg_busy_next
                0x0000af50       0x80 platform/linux/emu.o
                0x0000af50                plat_status_msg_busy_next
 .text.plat_status_msg_busy_first
                0x0000afd0       0x80 platform/linux/emu.o
                0x0000afd0                plat_status_msg_busy_first
 .text.plat_update_volume
                0x0000b050        0x4 platform/linux/emu.o
                0x0000b050                plat_update_volume
 .text.pemu_forced_frame
                0x0000b054       0x68 platform/linux/emu.o
                0x0000b054                pemu_forced_frame
 .text.pemu_sound_start
                0x0000b0bc        0x4 platform/linux/emu.o
                0x0000b0bc                pemu_sound_start
 .text.plat_debug_cat
                0x0000b0c0        0x4 platform/linux/emu.o
                0x0000b0c0                plat_debug_cat
 .text.emu_video_mode_change
                0x0000b0c4       0x38 platform/linux/emu.o
                0x0000b0c4                emu_video_mode_change
 .text.pemu_loop_prep
                0x0000b0fc      0x100 platform/linux/emu.o
                0x0000b0fc                pemu_loop_prep
 .text.pemu_loop_end
                0x0000b1fc       0x60 platform/linux/emu.o
                0x0000b1fc                pemu_loop_end
 .text.plat_wait_till_us
                0x0000b25c       0x34 platform/linux/emu.o
                0x0000b25c                plat_wait_till_us
 .text.plat_sdl_quit
                0x0000b290        0xc platform/common/plat_sdl.o
 .text.rgb565_to_uyvy
                0x0000b29c      0x100 platform/common/plat_sdl.o
                0x0000b29c                rgb565_to_uyvy
 .text.plat_video_flip
                0x0000b39c      0x11c platform/common/plat_sdl.o
                0x0000b39c                plat_video_flip
 .text.plat_video_wait_vsync
                0x0000b4b8        0x4 platform/common/plat_sdl.o
                0x0000b4b8                plat_video_wait_vsync
 .text.plat_video_menu_enter
                0x0000b4bc       0x40 platform/common/plat_sdl.o
                0x0000b4bc                plat_video_menu_enter
 .text.plat_video_menu_begin
                0x0000b4fc       0x90 platform/common/plat_sdl.o
                0x0000b4fc                plat_video_menu_begin
 .text.plat_video_menu_end
                0x0000b58c       0xfc platform/common/plat_sdl.o
                0x0000b58c                plat_video_menu_end
 .text.plat_video_menu_leave
                0x0000b688        0x4 platform/common/plat_sdl.o
                0x0000b688                plat_video_menu_leave
 .text.plat_video_loop_prepare
                0x0000b68c       0xc8 platform/common/plat_sdl.o
                0x0000b68c                plat_video_loop_prepare
 .text.plat_early_init
                0x0000b754        0x4 platform/common/plat_sdl.o
                0x0000b754                plat_early_init
 .text.plat_init
                0x0000b758      0x224 platform/common/plat_sdl.o
                0x0000b758                plat_init
 .text.plat_finish
                0x0000b97c       0x38 platform/common/plat_sdl.o
                0x0000b97c                plat_finish
 .text.plat_sdl_change_video_mode
                0x0000b9b4      0x378 platform/libpicofe/plat_sdl.o
                0x0000b9b4                plat_sdl_change_video_mode
 .text.plat_sdl_event_handler
                0x0000bd2c      0x114 platform/libpicofe/plat_sdl.o
                0x0000bd2c                plat_sdl_event_handler
 .text.plat_sdl_init
                0x0000be40      0x360 platform/libpicofe/plat_sdl.o
                0x0000be40                plat_sdl_init
 .text.plat_sdl_finish
                0x0000c1a0       0x98 platform/libpicofe/plat_sdl.o
                0x0000c1a0                plat_sdl_finish
 .text.in_sdl_get_key_names
                0x0000c238       0x24 platform/libpicofe/in_sdl.o
 .text.in_sdl_menu_translate
                0x0000c25c      0x128 platform/libpicofe/in_sdl.o
 .text.in_sdl_free
                0x0000c384       0x2c platform/libpicofe/in_sdl.o
 .text.in_sdl_probe
                0x0000c3b0      0x148 platform/libpicofe/in_sdl.o
 .text.collect_events
                0x0000c4f8      0x394 platform/libpicofe/in_sdl.o
 .text.in_sdl_update_keycode
                0x0000c88c       0x3c platform/libpicofe/in_sdl.o
 .text.in_sdl_update
                0x0000c8c8       0x88 platform/libpicofe/in_sdl.o
 .text.in_sdl_init
                0x0000c950       0x60 platform/libpicofe/in_sdl.o
                0x0000c950                in_sdl_init
 .text.plat_target_init
                0x0000c9b0        0x8 platform/libpicofe/plat_dummy.o
                0x0000c9b0                plat_target_init
 .text.plat_target_finish
                0x0000c9b8        0x4 platform/libpicofe/plat_dummy.o
                0x0000c9b8                plat_target_finish
 .text.parse_cmd_line
                0x0000c9bc      0x1a4 platform/common/main.o
                0x0000c9bc                parse_cmd_line
 .text.emu_tray_open
                0x0000cb60       0x14 platform/common/emu.o
 .text.do_turbo
                0x0000cb74       0xd4 platform/common/emu.o
 .text.snd_write_nonblocking
                0x0000cc48       0x20 platform/common/emu.o
 .text.fname_ext
                0x0000cc68       0xec platform/common/emu.o
 .text.emu_read_config.constprop.8
                0x0000cd54      0x160 platform/common/emu.o
 .text.emu_get_save_fname.constprop.4
                0x0000ceb4      0x410 platform/common/emu.o
 .text.emu_status_msg
                0x0000d2c4       0x7c platform/common/emu.o
                0x0000d2c4                emu_status_msg
 .text.emu_tray_close
                0x0000d340        0xc platform/common/emu.o
 .text.emu_swap_cd
                0x0000d34c       0x60 platform/common/emu.o
                0x0000d34c                emu_swap_cd
 .text.emu_prep_defconfig
                0x0000d3ac       0x80 platform/common/emu.o
                0x0000d3ac                emu_prep_defconfig
 .text.emu_set_defconfig
                0x0000d42c       0x68 platform/common/emu.o
                0x0000d42c                emu_set_defconfig
 .text.emu_read_config
                0x0000d494      0x908 platform/common/emu.o
                0x0000d494                emu_read_config
 .text.do_region_override
                0x0000dd9c       0x1c platform/common/emu.o
 .text.find_bios
                0x0000ddb8      0x254 platform/common/emu.o
 .text.emu_write_config
                0x0000e00c      0x26c platform/common/emu.o
                0x0000e00c                emu_write_config
 .text.emu_text_out16
                0x0000e278       0xe0 platform/common/emu.o
                0x0000e278                emu_text_out16
 .text.emu_osd_text16
                0x0000e358       0xa4 platform/common/emu.o
                0x0000e358                emu_osd_text16
 .text.emu_get_save_fname
                0x0000e3fc      0x674 platform/common/emu.o
                0x0000e3fc                emu_get_save_fname
 .text.emu_check_save_file
                0x0000ea70      0x410 platform/common/emu.o
                0x0000ea70                emu_check_save_file
 .text.emu_save_load_game
                0x0000ee80      0x828 platform/common/emu.o
                0x0000ee80                emu_save_load_game
 .text.emu_reload_rom
                0x0000f6a8      0x7f4 platform/common/emu.o
                0x0000f6a8                emu_reload_rom
 .text.emu_32x_startup
                0x0000fe9c      0x10c platform/common/emu.o
                0x0000fe9c                emu_32x_startup
 .text.emu_reset_game
                0x0000ffa8       0x1c platform/common/emu.o
                0x0000ffa8                emu_reset_game
 .text.run_events_pico
                0x0000ffc4      0x1d4 platform/common/emu.o
                0x0000ffc4                run_events_pico
 .text.emu_update_input
                0x00010198      0x584 platform/common/emu.o
                0x00010198                emu_update_input
 .text.emu_cmn_forced_frame
                0x0001071c       0x9c platform/common/emu.o
                0x0001071c                emu_cmn_forced_frame
 .text.emu_init
                0x000107b8      0x240 platform/common/emu.o
                0x000107b8                emu_init
 .text.emu_finish
                0x000109f8      0x2fc platform/common/emu.o
                0x000109f8                emu_finish
 .text.emu_sound_start
                0x00010cf4       0xe0 platform/common/emu.o
                0x00010cf4                emu_sound_start
 .text.emu_sound_stop
                0x00010dd4       0x10 platform/common/emu.o
                0x00010dd4                emu_sound_stop
 .text.emu_sound_wait
                0x00010de4       0x10 platform/common/emu.o
                0x00010de4                emu_sound_wait
 .text.emu_loop
                0x00010df4      0x54c platform/common/emu.o
                0x00010df4                emu_loop
 .text.menu_darken_text_bg
                0x00011340      0x2c8 platform/common/menu_pico.o
 .text.mh_opt_sh2cycles
                0x00011608       0x88 platform/common/menu_pico.o
 .text.mh_tray_nothing
                0x00011690        0x8 platform/common/menu_pico.o
 .text.mgn_dev_name
                0x00011698       0x7c platform/common/menu_pico.o
 .text.mgn_saveloadcfg
                0x00011714       0x44 platform/common/menu_pico.o
 .text.mgn_opt_sh2cycles
                0x00011758       0x38 platform/common/menu_pico.o
 .text.mgn_aopt_gamma
                0x00011790       0x50 platform/common/menu_pico.o
 .text.mgn_opt_sound
                0x000117e0       0x58 platform/common/menu_pico.o
 .text.mgn_opt_fskip
                0x00011838       0x40 platform/common/menu_pico.o
 .text.action_binds
                0x00011878      0x180 platform/common/menu_pico.o
 .text.scandir_cmp
                0x000119f8       0x3c platform/common/menu_pico.o
 .text.scandir_filter
                0x00011a34       0x78 platform/common/menu_pico.o
 .text.mh_opt_misc
                0x00011aac      0x260 platform/common/menu_pico.o
 .text.mgn_opt_region
                0x00011d0c       0xe4 platform/common/menu_pico.o
 .text.text_out16_.constprop.22
                0x00011df0      0x368 platform/common/menu_pico.o
 .text.make_bg.constprop.12
                0x00012158      0x130 platform/common/menu_pico.o
 .text.make_bg  0x00012288      0x234 platform/common/menu_pico.o
 .text.menu_enter
                0x000124bc       0xd8 platform/common/menu_pico.o
 .text.mh_restore_defaults
                0x00012594       0x50 platform/common/menu_pico.o
 .text.load_progress_cb
                0x000125e4       0xa8 platform/common/menu_pico.o
 .text.mh_saveloadcfg
                0x0001268c      0x1d0 platform/common/menu_pico.o
 .text.smalltext_out16
                0x0001285c      0x140 platform/common/menu_pico.o
 .text.smalltext_out16.constprop.15
                0x0001299c      0x13c platform/common/menu_pico.o
 .text.draw_text_debug.constprop.13
                0x00012ad8      0x230 platform/common/menu_pico.o
 .text.cdload_progress_cb
                0x00012d08      0x3a0 platform/common/menu_pico.o
 .text.draw_dirlist
                0x000130a8      0xa48 platform/common/menu_pico.o
 .text.text_out16
                0x00013af0      0x4b4 platform/common/menu_pico.o
                0x00013af0                text_out16
 .text.menu_main_draw_status
                0x00013fa4      0x450 platform/common/menu_pico.o
 .text.menu_loop_savestate
                0x000143f4      0x4fc platform/common/menu_pico.o
 .text.me_draw  0x000148f0      0x994 platform/common/menu_pico.o
 .text.me_loop_d.constprop.11
                0x00015284      0xd38 platform/common/menu_pico.o
 .text.menu_loop_options
                0x00015fbc      0x18c platform/common/menu_pico.o
 .text.menu_loop_gfx_options
                0x00016148       0xd0 platform/common/menu_pico.o
 .text.menu_loop_cd_options
                0x00016218       0x24 platform/common/menu_pico.o
 .text.menu_loop_32x_options
                0x0001623c       0xf0 platform/common/menu_pico.o
 .text.menu_loop_adv_options
                0x0001632c       0x24 platform/common/menu_pico.o
 .text.menu_loop_keyconfig
                0x00016350       0xe8 platform/common/menu_pico.o
 .text.menu_loop_romsel.constprop.8
                0x00016438      0x85c platform/common/menu_pico.o
 .text.mh_tray_load_cd
                0x00016c94       0x48 platform/common/menu_pico.o
 .text.main_menu_handler
                0x00016cdc      0xc78 platform/common/menu_pico.o
 .text.key_config_loop
                0x00017954      0xbe4 platform/common/menu_pico.o
 .text.key_config_loop_wrap
                0x00018538       0x74 platform/common/menu_pico.o
 .text.menu_init_base
                0x000185ac      0x370 platform/common/menu_pico.o
                0x000185ac                menu_init_base
 .text.menu_romload_prepare
                0x0001891c      0x398 platform/common/menu_pico.o
                0x0001891c                menu_romload_prepare
 .text.menu_romload_end
                0x00018cb4      0x198 platform/common/menu_pico.o
                0x00018cb4                menu_romload_end
 .text.menu_loop
                0x00018e4c      0x484 platform/common/menu_pico.o
                0x00018e4c                menu_loop
 .text.menu_loop_tray
                0x000192d0       0xac platform/common/menu_pico.o
                0x000192d0                menu_loop_tray
 .text.menu_update_msg
                0x0001937c       0x44 platform/common/menu_pico.o
                0x0001937c                menu_update_msg
 .text.me_list_get_first
                0x000193c0       0x20 platform/common/menu_pico.o
                0x000193c0                me_list_get_first
 .text.me_list_get_next
                0x000193e0       0xc4 platform/common/menu_pico.o
                0x000193e0                me_list_get_next
 .text.menu_init
                0x000194a4      0x440 platform/common/menu_pico.o
                0x000194a4                menu_init
 .text.config_write
                0x000198e4      0x6d4 platform/common/config_file.o
                0x000198e4                config_write
 .text.config_writelrom
                0x00019fb8      0x250 platform/common/config_file.o
                0x00019fb8                config_writelrom
 .text.config_readlrom
                0x0001a208      0x1e8 platform/common/config_file.o
                0x0001a208                config_readlrom
 .text.config_get_var_val
                0x0001a3f0      0x384 platform/common/config_file.o
                0x0001a3f0                config_get_var_val
 .text.config_readsect
                0x0001a774      0xc94 platform/common/config_file.o
                0x0001a774                config_readsect
 .text.in_def_free
                0x0001b408        0x4 platform/libpicofe/input.o
 .text.in_def_clean_binds
                0x0001b40c        0x8 platform/libpicofe/input.o
 .text.in_def_get_config
                0x0001b414        0x8 platform/libpicofe/input.o
 .text.in_def_set_config
                0x0001b41c        0x8 platform/libpicofe/input.o
 .text.in_def_update_analog
                0x0001b424        0x8 platform/libpicofe/input.o
 .text.in_def_update_keycode
                0x0001b42c        0x8 platform/libpicofe/input.o
 .text.in_def_menu_translate
                0x0001b434        0x8 platform/libpicofe/input.o
 .text.in_def_get_key_code
                0x0001b43c        0x8 platform/libpicofe/input.o
 .text.in_def_get_key_name
                0x0001b444        0x8 platform/libpicofe/input.o
 .text.in_register
                0x0001b44c      0x3a4 platform/libpicofe/input.o
                0x0001b44c                in_register
 .text.in_probe
                0x0001b7f0      0x26c platform/libpicofe/input.o
                0x0001b7f0                in_probe
 .text.in_update
                0x0001ba5c       0x98 platform/libpicofe/input.o
                0x0001ba5c                in_update
 .text.in_update_keycode
                0x0001baf4      0x638 platform/libpicofe/input.o
                0x0001baf4                in_update_keycode
 .text.in_menu_wait_any
                0x0001c12c       0x84 platform/libpicofe/input.o
                0x0001c12c                in_menu_wait_any
 .text.in_menu_wait
                0x0001c1b0      0x160 platform/libpicofe/input.o
                0x0001c1b0                in_menu_wait
 .text.in_get_dev_binds
                0x0001c310       0x1c platform/libpicofe/input.o
                0x0001c310                in_get_dev_binds
 .text.in_get_config
                0x0001c32c       0xb0 platform/libpicofe/input.o
                0x0001c32c                in_get_config
 .text.in_set_config
                0x0001c3dc      0x168 platform/libpicofe/input.o
                0x0001c3dc                in_set_config
 .text.in_get_dev_name
                0x0001c544       0x84 platform/libpicofe/input.o
                0x0001c544                in_get_dev_name
 .text.in_get_key_name
                0x0001c5c8      0x128 platform/libpicofe/input.o
                0x0001c5c8                in_get_key_name
 .text.in_bind_key
                0x0001c6f0      0x1b0 platform/libpicofe/input.o
                0x0001c6f0                in_bind_key
 .text.in_unbind_all
                0x0001c8a0       0xb4 platform/libpicofe/input.o
                0x0001c8a0                in_unbind_all
 .text.in_config_parse_dev
                0x0001c954      0x3c0 platform/libpicofe/input.o
                0x0001c954                in_config_parse_dev
 .text.in_config_bind_key
                0x0001cd14      0x260 platform/libpicofe/input.o
                0x0001cd14                in_config_bind_key
 .text.in_register_driver
                0x0001cf74      0x170 platform/libpicofe/input.o
                0x0001cf74                in_register_driver
 .text.in_init  0x0001d0e4       0x30 platform/libpicofe/input.o
                0x0001d0e4                in_init
 .text.readpng  0x0001d114      0x5d8 platform/libpicofe/readpng.o
                0x0001d114                readpng
 .text.plat_is_dir
                0x0001d6ec       0x24 platform/libpicofe/linux/plat.o
                0x0001d6ec                plat_is_dir
 .text.plat_get_skin_dir
                0x0001d710       0xcc platform/libpicofe/linux/plat.o
                0x0001d710                plat_get_skin_dir
 .text.plat_get_root_dir
                0x0001d7dc       0xfc platform/libpicofe/linux/plat.o
                0x0001d7dc                plat_get_root_dir
 .text.plat_get_ticks_ms
                0x0001d8d8       0x3c platform/libpicofe/linux/plat.o
                0x0001d8d8                plat_get_ticks_ms
 .text.plat_get_ticks_us
                0x0001d914       0x34 platform/libpicofe/linux/plat.o
                0x0001d914                plat_get_ticks_us
 .text.plat_sleep_ms
                0x0001d948       0x10 platform/libpicofe/linux/plat.o
                0x0001d948                plat_sleep_ms
 .text.plat_wait_event
                0x0001d958      0x184 platform/libpicofe/linux/plat.o
                0x0001d958                plat_wait_event
 .text.plat_mmap
                0x0001dadc      0x15c platform/libpicofe/linux/plat.o
                0x0001dadc                plat_mmap
 .text.plat_mremap
                0x0001dc38       0x4c platform/libpicofe/linux/plat.o
                0x0001dc38                plat_mremap
 .text.plat_munmap
                0x0001dc84       0x8c platform/libpicofe/linux/plat.o
                0x0001dc84                plat_munmap
 .text.plat_mem_set_exec
                0x0001dd10       0x5c platform/libpicofe/linux/plat.o
                0x0001dd10                plat_mem_set_exec
 .text.lprintf  0x0001dd6c       0x3c platform/libpicofe/linux/plat.o
                0x0001dd6c                lprintf
 .text.sndout_null_init
                0x0001dda8        0x8 platform/libpicofe/sndout.o
 .text.sndout_null_exit
                0x0001ddb0        0x4 platform/libpicofe/sndout.o
 .text.sndout_null_start
                0x0001ddb4        0x8 platform/libpicofe/sndout.o
 .text.sndout_null_stop
                0x0001ddbc        0x4 platform/libpicofe/sndout.o
 .text.sndout_null_wait
                0x0001ddc0        0x4 platform/libpicofe/sndout.o
 .text.sndout_null_write_nb
                0x0001ddc4        0x8 platform/libpicofe/sndout.o
 .text.sndout_init
                0x0001ddcc       0x68 platform/libpicofe/sndout.o
                0x0001ddcc                sndout_init
 .text.callback
                0x0001de34       0xc0 platform/libpicofe/sndout_sdl.o
 .text.sndout_sdl_init
                0x0001def4       0x1c platform/libpicofe/sndout_sdl.o
                0x0001def4                sndout_sdl_init
 .text.sndout_sdl_start
                0x0001df10      0x104 platform/libpicofe/sndout_sdl.o
                0x0001df10                sndout_sdl_start
 .text.sndout_sdl_stop
                0x0001e014       0x24 platform/libpicofe/sndout_sdl.o
                0x0001e014                sndout_sdl_stop
 .text.sndout_sdl_wait
                0x0001e038       0x50 platform/libpicofe/sndout_sdl.o
                0x0001e038                sndout_sdl_wait
 .text.sndout_sdl_write_nb
                0x0001e088       0xa4 platform/libpicofe/sndout_sdl.o
                0x0001e088                sndout_sdl_write_nb
 .text.sndout_sdl_exit
                0x0001e12c       0x38 platform/libpicofe/sndout_sdl.o
                0x0001e12c                sndout_sdl_exit
 .text          0x0001e164       0x1c platform/libpicofe/arm_linux.o
                0x0001e164                cache_flush_d_inval_i
 .text.mp3_get_bitrate
                0x0001e180      0x224 platform/common/mp3.o
                0x0001e180                mp3_get_bitrate
 .text.mp3_start_play
                0x0001e3a4      0x1b4 platform/common/mp3.o
                0x0001e3a4                mp3_start_play
 .text.mp3_update
                0x0001e558      0x13c platform/common/mp3.o
                0x0001e558                mp3_update
 .text.mp3dec_start
                0x0001e694        0x8 platform/common/mp3_dummy.o
                0x0001e694                mp3dec_start
 .text.mp3dec_decode
                0x0001e69c        0x8 platform/common/mp3_dummy.o
                0x0001e69c                mp3dec_decode
 .text.getLong  0x0001e6a4      0x260 zlib/gzio.o
 .text.check_header
                0x0001e904      0x6ec zlib/gzio.o
 .text.gzsetparams
                0x0001eff0       0x7c zlib/gzio.o
                0x0001eff0                gzsetparams
 .text.destroy  0x0001f06c       0xe4 zlib/gzio.o
                0x0001f06c                destroy
 .text.gz_open  0x0001f150      0x328 zlib/gzio.o
 .text.gzopen   0x0001f478        0x8 zlib/gzio.o
                0x0001f478                gzopen
 .text.gzdopen  0x0001f480       0x4c zlib/gzio.o
                0x0001f480                gzdopen
 .text.gzread   0x0001f4cc      0x570 zlib/gzio.o
                0x0001f4cc                gzread
 .text.gzgetc   0x0001fa3c      0x580 zlib/gzio.o
                0x0001fa3c                gzgetc
 .text.gzungetc
                0x0001ffbc       0x74 zlib/gzio.o
                0x0001ffbc                gzungetc
 .text.gzgets   0x00020030      0x60c zlib/gzio.o
                0x00020030                gzgets
 .text.gzwrite  0x0002063c      0x100 zlib/gzio.o
                0x0002063c                gzwrite
 .text.gzprintf
                0x0002073c       0x90 zlib/gzio.o
                0x0002073c                gzprintf
 .text.gzputc   0x000207cc       0x30 zlib/gzio.o
                0x000207cc                gzputc
 .text.gzputs   0x000207fc       0x28 zlib/gzio.o
                0x000207fc                gzputs
 .text.gzflush  0x00020824      0x11c zlib/gzio.o
                0x00020824                gzflush
 .text.gzseek   0x00020940      0x7b0 zlib/gzio.o
                0x00020940                gzseek
 .text.gzrewind
                0x000210f0       0x90 zlib/gzio.o
                0x000210f0                gzrewind
 .text.gztell   0x00021180       0xd4 zlib/gzio.o
                0x00021180                gztell
 .text.gzeof    0x00021254       0x44 zlib/gzio.o
                0x00021254                gzeof
 .text.gzdirect
                0x00021298       0x1c zlib/gzio.o
                0x00021298                gzdirect
 .text.gzclose  0x000212b4      0x158 zlib/gzio.o
                0x000212b4                gzclose
 .text.gzerror  0x0002140c      0x118 zlib/gzio.o
                0x0002140c                gzerror
 .text.gzclearerr
                0x00021524       0x28 zlib/gzio.o
                0x00021524                gzclearerr
 .text.inflate_fast
                0x0002154c      0xb90 zlib/inffast.o
                0x0002154c                inflate_fast
 .text.inflateReset
                0x000220dc       0x80 zlib/inflate.o
                0x000220dc                inflateReset
 .text.inflatePrime
                0x0002215c       0x64 zlib/inflate.o
                0x0002215c                inflatePrime
 .text.inflateInit2_
                0x000221c0      0x158 zlib/inflate.o
                0x000221c0                inflateInit2_
 .text.inflateInit_
                0x00022318      0x10c zlib/inflate.o
                0x00022318                inflateInit_
 .text.inflate  0x00022424     0x1d94 zlib/inflate.o
                0x00022424                inflate
 .text.inflateEnd
                0x000241b8       0x68 zlib/inflate.o
                0x000241b8                inflateEnd
 .text.inflateSetDictionary
                0x00024220      0x208 zlib/inflate.o
                0x00024220                inflateSetDictionary
 .text.inflateGetHeader
                0x00024428       0x3c zlib/inflate.o
                0x00024428                inflateGetHeader
 .text.inflateSync
                0x00024464      0x284 zlib/inflate.o
                0x00024464                inflateSync
 .text.inflateSyncPoint
                0x000246e8       0x40 zlib/inflate.o
                0x000246e8                inflateSyncPoint
 .text.inflateCopy
                0x00024728      0x1a8 zlib/inflate.o
                0x00024728                inflateCopy
 .text.inflate_table
                0x000248d0      0xba0 zlib/inftrees.o
                0x000248d0                inflate_table
 .text.send_tree
                0x00025470      0x620 zlib/trees.o
 .text.compress_block
                0x00025a90      0x47c zlib/trees.o
 .text.build_tree
                0x00025f0c      0xc14 zlib/trees.o
 .text._tr_init
                0x00026b20       0xd4 zlib/trees.o
                0x00026b20                _tr_init
 .text._tr_stored_block
                0x00026bf4      0x1a0 zlib/trees.o
                0x00026bf4                _tr_stored_block
 .text._tr_align
                0x00026d94      0x328 zlib/trees.o
                0x00026d94                _tr_align
 .text._tr_flush_block
                0x000270bc      0xb00 zlib/trees.o
                0x000270bc                _tr_flush_block
 .text.longest_match
                0x00027bbc      0x294 zlib/deflate.o
 .text.longest_match_fast
                0x00027e50      0x150 zlib/deflate.o
 .text.fill_window
                0x00027fa0      0x21c zlib/deflate.o
 .text.deflate_stored
                0x000281bc      0x314 zlib/deflate.o
 .text.deflate_fast
                0x000284d0      0x538 zlib/deflate.o
 .text.deflate_slow
                0x00028a08      0x694 zlib/deflate.o
 .text.deflateSetDictionary
                0x0002909c      0x11c zlib/deflate.o
                0x0002909c                deflateSetDictionary
 .text.deflateReset
                0x000291b8      0x160 zlib/deflate.o
                0x000291b8                deflateReset
 .text.deflateSetHeader
                0x00029318       0x34 zlib/deflate.o
                0x00029318                deflateSetHeader
 .text.deflatePrime
                0x0002934c       0x3c zlib/deflate.o
                0x0002934c                deflatePrime
 .text.deflateTune
                0x00029388       0x38 zlib/deflate.o
                0x00029388                deflateTune
 .text.deflateBound
                0x000293c0       0x48 zlib/deflate.o
                0x000293c0                deflateBound
 .text.deflate  0x00029408      0xfa4 zlib/deflate.o
                0x00029408                deflate
 .text.deflateParams
                0x0002a3ac       0xf0 zlib/deflate.o
                0x0002a3ac                deflateParams
 .text.deflateEnd
                0x0002a49c      0x11c zlib/deflate.o
                0x0002a49c                deflateEnd
 .text.deflateInit2_
                0x0002a5b8      0x280 zlib/deflate.o
                0x0002a5b8                deflateInit2_
 .text.deflateInit_
                0x0002a838      0x1fc zlib/deflate.o
                0x0002a838                deflateInit_
 .text.deflateCopy
                0x0002aa34      0x200 zlib/deflate.o
                0x0002aa34                deflateCopy
 .text.get_crc_table
                0x0002ac34        0xc zlib/crc32.o
                0x0002ac34                get_crc_table
 .text.crc32    0x0002ac40      0x374 zlib/crc32.o
                0x0002ac40                crc32
 .text.crc32_combine
                0x0002afb4      0x214 zlib/crc32.o
                0x0002afb4                crc32_combine
 .text.adler32  0x0002b1c8      0x448 zlib/adler32.o
                0x0002b1c8                adler32
 .text.adler32_combine
                0x0002b610       0xa8 zlib/adler32.o
                0x0002b610                adler32_combine
 .text.zlibVersion
                0x0002b6b8        0xc zlib/zutil.o
                0x0002b6b8                zlibVersion
 .text.zlibCompileFlags
                0x0002b6c4        0x8 zlib/zutil.o
                0x0002b6c4                zlibCompileFlags
 .text.zError   0x0002b6cc       0x14 zlib/zutil.o
                0x0002b6cc                zError
 .text.zcalloc  0x0002b6e0        0x8 zlib/zutil.o
                0x0002b6e0                zcalloc
 .text.zcfree   0x0002b6e8        0x8 zlib/zutil.o
                0x0002b6e8                zcfree
 .text.compress2
                0x0002b6f0       0xa4 zlib/compress.o
                0x0002b6f0                compress2
 .text.compress
                0x0002b794       0xa4 zlib/compress.o
                0x0002b794                compress
 .text.compressBound
                0x0002b838       0x10 zlib/compress.o
                0x0002b838                compressBound
 .text.uncompress
                0x0002b848       0xbc zlib/uncompr.o
                0x0002b848                uncompress
 .text.openzip  0x0002b904      0x3f0 unzip/unzip.o
                0x0002b904                openzip
 .text.readzip  0x0002bcf4      0x2c0 unzip/unzip.o
                0x0002bcf4                readzip
 .text.closezip
                0x0002bfb4       0x44 unzip/unzip.o
                0x0002bfb4                closezip
 .text.seekcompresszip
                0x0002bff8       0xfc unzip/unzip.o
                0x0002bff8                seekcompresszip
 .text.zip2gz   0x0002c0f4      0x28c unzip/unzip_stream.o
                0x0002c0f4                zip2gz
 .text.gzerror2
                0x0002c380       0x10 unzip/unzip_stream.o
                0x0002c380                gzerror2
 .text          0x0002c390     0x1da4 pico/draw_arm.o
                0x0002c390                DrawLayer
                0x0002c9b0                BackFill
                0x0002ca20                DrawTilesFromCache
                0x0002cdfc                DrawSpritesSHi
                0x0002d528                DrawAllSprites
                0x0002d95c                DrawWindow
                0x0002db88                FinalizeLineBGR444
                0x0002dd04                vidConvCpyRGB565
                0x0002ddb4                PicoDoHighPal555
                0x0002df08                FinalizeLine555
                0x0002e0b8                blockcpy
                0x0002e0d8                blockcpy_or
 .text          0x0002e134     0x226c pico/draw2_arm.o
                0x0002e134                BackFillFull
                0x0002e1b4                DrawLayerFull
                0x0002ebb8                DrawTilesFromCacheF
                0x0002f428                DrawWindowFull
                0x0002fb6c                DrawSpriteFull
 .text          0x000303a0      0x2e0 pico/memory_arm.o
                0x000303a0                PicoRead8_sram
                0x00030428                PicoRead8_io
                0x0003049c                PicoRead16_sram
                0x00030510                PicoRead16_io
                0x0003058c                PicoWrite8_io
                0x00030600                PicoWrite16_io
 .text          0x00030680     0x1050 pico/sound/ym2612_arm.o
                0x00030680                chan_render_loop
 .text          0x000316d0      0x1ac pico/misc_arm.o
                0x000316d0                memcpy16
                0x0003172c                memcpy16bswap
                0x000317fc                memcpy32
                0x00031840                memset32
 .text          0x0003187c      0x108 pico/cd/misc_arm.o
                0x0003187c                wram_2M_to_1M
                0x00031900                wram_1M_to_2M
 .text          0x00031984      0x884 pico/cd/memory_arm.o
                0x0003198c                PicoReadM68k8_cell0
                0x00031994                PicoReadM68k8_cell1
                0x00031a30                PicoRead8_mcd_io
                0x00031b5c                PicoReadM68k16_cell0
                0x00031b64                PicoReadM68k16_cell1
                0x00031c00                PicoRead16_mcd_io
                0x00031ce8                PicoWriteM68k8_cell0
                0x00031cf0                PicoWriteM68k8_cell1
                0x00031d90                PicoWrite8_mcd_io
                0x00031da0                PicoWriteM68k16_cell0
                0x00031da8                PicoWriteM68k16_cell1
                0x00031e48                PicoWrite16_mcd_io
                0x00031e84                PicoReadS68k8_dec0
                0x00031e8c                PicoReadS68k8_dec1
                0x00031eb4                PicoReadS68k8_pr
                0x00031f68                PicoReadS68k16_dec0
                0x00031f70                PicoReadS68k16_dec1
                0x00031f98                PicoReadS68k16_pr
                0x00031fc0                PicoWriteS68k8_dec_m2b0
                0x00031fc8                PicoWriteS68k8_dec_m0b0
                0x00031fd0                PicoWriteS68k8_dec_m2b1
                0x00031fd8                PicoWriteS68k8_dec_m0b1
                0x00032010                PicoWriteS68k8_dec_m1b0
                0x00032018                PicoWriteS68k8_dec_m1b1
                0x0003205c                PicoWriteS68k8_pr
                0x000320e8                PicoWriteS68k16_dec_m0b0
                0x000320f0                PicoWriteS68k16_dec_m0b1
                0x00032118                PicoWriteS68k16_dec_m1b0
                0x00032120                PicoWriteS68k16_dec_m1b1
                0x0003216c                PicoWriteS68k16_dec_m2b0
                0x00032174                PicoWriteS68k16_dec_m2b1
                0x000321c0                PicoWriteS68k16_pr
 *fill*         0x00032208        0x8 00000000
 .text          0x00032210      0x4b0 pico/sound/mix_arm.o
                0x00032210                mix_16h_to_32
                0x00032288                mix_16h_to_32_s1
                0x00032304                mix_16h_to_32_s2
                0x00032380                mix_32_to_16l_stereo
                0x00032468                mix_32_to_16_mono
                0x000325b0                mix_32_to_16l_stereo_lvl
 .text.PicoInit
                0x000326c0       0x58 pico/pico.o
                0x000326c0                PicoInit
 .text.PicoExit
                0x00032718       0x44 pico/pico.o
                0x00032718                PicoExit
 .text.PicoDetectRegion
                0x0003275c      0x294 pico/pico.o
                0x0003275c                PicoDetectRegion
 .text.PicoReset
                0x000329f0      0x1cc pico/pico.o
                0x000329f0                PicoReset
 .text.PicoPower
                0x00032bbc       0xdc pico/pico.o
                0x00032bbc                PicoPower
 .text.PicoLoopPrepare
                0x00032c98       0x6c pico/pico.o
                0x00032c98                PicoLoopPrepare
 .text.CheckDMA
                0x00032d04       0xb0 pico/pico.o
                0x00032d04                CheckDMA
 .text.PicoSyncZ80
                0x00032db4       0x74 pico/pico.o
                0x00032db4                PicoSyncZ80
 .text.PicoFrame
                0x00032e28      0xcd8 pico/pico.o
                0x00032e28                PicoFrame
 .text.PicoFrameDrawOnly
                0x00033b00       0x34 pico/pico.o
                0x00033b00                PicoFrameDrawOnly
 .text.is_expr  0x00033b34       0xc8 pico/cart.o
 .text.rstrip   0x00033bfc       0x40 pico/cart.o
 .text.unlikely.parse_3_vals
                0x00033c3c       0xe8 pico/cart.o
 .text.parse_carthw
                0x00033d24      0xe2c pico/cart.o
 .text.pm_open  0x00034b50      0x438 pico/cart.o
                0x00034b50                pm_open
 .text.pm_read  0x00034f88      0x364 pico/cart.o
                0x00034f88                pm_read
 .text.pm_seek  0x000352ec      0x100 pico/cart.o
                0x000352ec                pm_seek
 .text.pm_close
                0x000353ec       0x94 pico/cart.o
                0x000353ec                pm_close
 .text.Byteswap
                0x00035480       0x44 pico/cart.o
                0x00035480                Byteswap
 .text.PicoCartLoad
                0x000354c4      0x428 pico/cart.o
                0x000354c4                PicoCartLoad
 .text.PicoCartInsert
                0x000358ec      0x3e8 pico/cart.o
                0x000358ec                PicoCartInsert
 .text.PicoCartResize
                0x00035cd4       0x40 pico/cart.o
                0x00035cd4                PicoCartResize
 .text.PicoCartUnload
                0x00035d14       0x88 pico/cart.o
                0x00035d14                PicoCartUnload
 .text.m68k_unmapped_read8
                0x00035d9c        0x8 pico/memory.o
 .text.m68k_unmapped_read16
                0x00035da4        0x8 pico/memory.o
 .text.m68k_unmapped_write8
                0x00035dac        0x4 pico/memory.o
 .text.m68k_unmapped_write16
                0x00035db0        0x4 pico/memory.o
 .text.read_pad_3btn
                0x00035db4       0x2c pico/memory.o
 .text.read_pad_6btn
                0x00035de0       0x88 pico/memory.o
 .text.read_nothing
                0x00035e68        0x8 pico/memory.o
 .text.ym2612_read_local_z80
                0x00035e70       0x78 pico/memory.o
 .text.z80_md_vdp_read
                0x00035ee8        0x8 pico/memory.o
 .text.z80_md_in
                0x00035ef0        0x8 pico/memory.o
 .text.z80_md_out
                0x00035ef8        0x4 pico/memory.o
 .text.PicoRead16_vdp
                0x00035efc       0x14 pico/memory.o
 .text.PicoRead8_vdp
                0x00035f10       0x14 pico/memory.o
 .text.PicoRead8_z80
                0x00035f24      0x108 pico/memory.o
 .text.z80_md_vdp_br_write
                0x0003602c       0x60 pico/memory.o
 .text.PicoWrite16_vdp
                0x0003608c       0x38 pico/memory.o
 .text.PicoWrite8_vdp
                0x000360c4       0x3c pico/memory.o
 .text.PicoWrite16_sram
                0x00036100       0x6c pico/memory.o
 .text.PicoWrite8_sram
                0x0003616c       0x74 pico/memory.o
 .text.port_read.constprop.9
                0x000361e0       0x48 pico/memory.o
 .text.port_read.constprop.10
                0x00036228       0x48 pico/memory.o
 .text.port_read.constprop.11
                0x00036270       0x48 pico/memory.o
 .text.z80_md_bank_write
                0x000362b8       0x50 pico/memory.o
 .text.z80_md_bank_read
                0x00036308       0x54 pico/memory.o
 .text.PicoRead16_z80
                0x0003635c      0x110 pico/memory.o
 .text.z80_map_set
                0x0003646c       0xf4 pico/memory.o
                0x0003646c                z80_map_set
 .text.cpu68k_map_set
                0x00036560       0xf4 pico/memory.o
                0x00036560                cpu68k_map_set
 .text.cpu68k_map_all_ram
                0x00036654       0xac pico/memory.o
                0x00036654                cpu68k_map_all_ram
 .text.m68k_map_unmap
                0x00036700       0xdc pico/memory.o
                0x00036700                m68k_map_unmap
 .text.m68k_read8
                0x000367dc       0x30 pico/memory.o
                0x000367dc                m68k_read8
 .text.m68k_read16
                0x0003680c       0x30 pico/memory.o
                0x0003680c                m68k_read16
 .text.m68k_write8
                0x0003683c       0x2c pico/memory.o
                0x0003683c                m68k_write8
 .text.m68k_write16
                0x00036868       0x2c pico/memory.o
                0x00036868                m68k_write16
 .text.cyclone_crashed
                0x00036894       0x60 pico/memory.o
                0x00036894                cyclone_crashed
 .text.PicoSetInputDevice
                0x000368f4       0x18 pico/memory.o
                0x000368f4                PicoSetInputDevice
 .text.io_ports_read
                0x0003690c       0x48 pico/memory.o
                0x0003690c                io_ports_read
 .text.io_ports_write
                0x00036954       0x78 pico/memory.o
                0x00036954                io_ports_write
 .text.ctl_write_z80busreq
                0x000369cc       0xc8 pico/memory.o
                0x000369cc                ctl_write_z80busreq
 .text.ctl_write_z80reset
                0x00036a94      0x11c pico/memory.o
                0x00036a94                ctl_write_z80reset
 .text.PicoMemSetup
                0x00036bb0      0xd40 pico/memory.o
                0x00036bb0                PicoMemSetup
 .text.ym2612_sync_timers
                0x000378f0      0x150 pico/memory.o
                0x000378f0                ym2612_sync_timers
 .text.ym2612_write_local
                0x00037a40      0x4ec pico/memory.o
 .text.PicoWrite8_z80
                0x00037f2c       0xfc pico/memory.o
 .text.PicoWrite16_z80
                0x00038028      0x100 pico/memory.o
 .text.ym2612_write_local.constprop.17
                0x00038128       0x1c pico/memory.o
 .text.ym2612_write_local.constprop.18
                0x00038144      0x2c4 pico/memory.o
 .text.ym2612_write_local.constprop.19
                0x00038408       0x1c pico/memory.o
 .text.ym2612_write_local.constprop.20
                0x00038424       0x38 pico/memory.o
 .text.z80_md_ym2612_write
                0x0003845c      0x3ec pico/memory.o
 .text.ym2612_pack_state
                0x00038848      0x100 pico/memory.o
                0x00038848                ym2612_pack_state
 .text.ym2612_unpack_state
                0x00038948      0x480 pico/memory.o
                0x00038948                ym2612_unpack_state
 .text.unlikely.write_chunk
                0x00038dc8       0x8c pico/state.o
 .text.gzWrite2
                0x00038e54       0x10 pico/state.o
 .text.gzRead2  0x00038e64       0x10 pico/state.o
 .text.state_load
                0x00038e74     0x1964 pico/state.o
 .text.state_load_legacy
                0x0003a7d8      0x1fc pico/state.o
 .text.state_save
                0x0003a9d4     0x12b8 pico/state.o
 .text.PicoState
                0x0003bc8c      0x278 pico/state.o
                0x0003bc8c                PicoState
 .text.PicoStateLoadGfx
                0x0003bf04      0x874 pico/state.o
                0x0003bf04                PicoStateLoadGfx
 .text.PicoTmpStateSave
                0x0003c778       0xec pico/state.o
                0x0003c778                PicoTmpStateSave
 .text.PicoTmpStateRestore
                0x0003c864      0x100 pico/state.o
                0x0003c864                PicoTmpStateRestore
 .text.SekIntAck
                0x0003c964       0x48 pico/sek.o
 .text.SekResetAck
                0x0003c9ac        0x4 pico/sek.o
 .text.SekUnrecognizedOpcode
                0x0003c9b0       0x78 pico/sek.o
 .text.SekInit  0x0003ca28       0x50 pico/sek.o
                0x0003ca28                SekInit
 .text.SekReset
                0x0003ca78       0x34 pico/sek.o
                0x0003ca78                SekReset
 .text.SekStepM68k
                0x0003caac       0x50 pico/sek.o
                0x0003caac                SekStepM68k
 .text.SekSetRealTAS
                0x0003cafc        0x4 pico/sek.o
                0x0003cafc                SekSetRealTAS
 .text.SekPackCpu
                0x0003cb00       0xb0 pico/sek.o
                0x0003cb00                SekPackCpu
 .text.SekUnpackCpu
                0x0003cbb0       0xc4 pico/sek.o
                0x0003cbb0                SekUnpackCpu
 .text.SekInitIdleDet
                0x0003cc74       0x60 pico/sek.o
                0x0003cc74                SekInitIdleDet
 .text.SekIsIdleReady
                0x0003ccd4       0x28 pico/sek.o
                0x0003ccd4                SekIsIdleReady
 .text.SekIsIdleCode
                0x0003ccfc      0x1c8 pico/sek.o
                0x0003ccfc                SekIsIdleCode
 .text.SekRegisterIdlePatch
                0x0003cec4       0xb4 pico/sek.o
                0x0003cec4                SekRegisterIdlePatch
 .text.SekFinishIdleDet
                0x0003cf78       0xb0 pico/sek.o
                0x0003cf78                SekFinishIdleDet
 .text.dz80_rebase_sp
                0x0003d028       0x5c pico/z80if.o
 .text.dz80_rebase_pc
                0x0003d084       0x48 pico/z80if.o
 .text.z80_init
                0x0003d0cc       0x50 pico/z80if.o
                0x0003d0cc                z80_init
 .text.z80_reset
                0x0003d11c       0x7c pico/z80if.o
                0x0003d11c                z80_reset
 .text.z80_pack
                0x0003d198      0x15c pico/z80if.o
                0x0003d198                z80_pack
 .text.z80_unpack
                0x0003d2f4      0x424 pico/z80if.o
                0x0003d2f4                z80_unpack
 .text.z80_exit
                0x0003d718        0x4 pico/z80if.o
                0x0003d718                z80_exit
 .text.z80_debug
                0x0003d71c       0x34 pico/z80if.o
                0x0003d71c                z80_debug
 .text.CommandChange
                0x0003d750      0x498 pico/videoport.o
 .text.PicoVideoWrite
                0x0003dbe8      0x608 pico/videoport.o
                0x0003dbe8                PicoVideoWrite
 .text.PicoVideoRead
                0x0003e1f0      0x188 pico/videoport.o
                0x0003e1f0                PicoVideoRead
 .text.PicoVideoRead8
                0x0003e378      0x234 pico/videoport.o
                0x0003e378                PicoVideoRead8
 .text.DrawAllSpritesFull
                0x0003e5ac      0x1d0 pico/draw2.o
 .text.PicoFrameFull
                0x0003e77c      0x3cc pico/draw2.o
                0x0003e77c                PicoFrameFull
 .text.TileNorm
                0x0003eb48       0xb4 pico/draw.o
 .text.TileFlip
                0x0003ebfc       0xb4 pico/draw.o
 .text.TileNormAS
                0x0003ecb0      0x120 pico/draw.o
 .text.TileFlipAS
                0x0003edd0      0x120 pico/draw.o
 .text.TileNormAS_noop
                0x0003eef0      0x148 pico/draw.o
 .text.TileFlipAS_noop
                0x0003f038      0x148 pico/draw.o
 .text.TileNormAS_onlymark
                0x0003f180       0xdc pico/draw.o
 .text.TileFlipAS_onlymark
                0x0003f25c       0xdc pico/draw.o
 .text.DrawSpritesHiAS
                0x0003f338      0x29c pico/draw.o
 .text.FinalizeLine8bit
                0x0003f5d4      0x16c pico/draw.o
 .text.DrawAllSpritesInterlace.isra.0
                0x0003f740      0x210 pico/draw.o
 .text.DrawStripInterlace
                0x0003f950      0x170 pico/draw.o
                0x0003f950                DrawStripInterlace
 .text.PrepareSprites
                0x0003fac0      0x91c pico/draw.o
                0x0003fac0                PrepareSprites
 .text.PicoFrameStart
                0x000403dc      0x7e8 pico/draw.o
                0x000403dc                PicoFrameStart
 .text.PicoDrawSync
                0x00040bc4      0xa88 pico/draw.o
                0x00040bc4                PicoDrawSync
 .text.PicoDrawUpdateHighPal
                0x0004164c       0x6c pico/draw.o
                0x0004164c                PicoDrawUpdateHighPal
 .text.PicoDrawSetOutFormat
                0x000416b8       0xa4 pico/draw.o
                0x000416b8                PicoDrawSetOutFormat
 .text.PicoDrawSetOutBuf
                0x0004175c       0x30 pico/draw.o
                0x0004175c                PicoDrawSetOutBuf
 .text.PicoDrawSetInternalBuf
                0x0004178c       0x5c pico/draw.o
                0x0004178c                PicoDrawSetInternalBuf
 .text.PicoDrawSetCallbacks
                0x000417e8       0x70 pico/draw.o
                0x000417e8                PicoDrawSetCallbacks
 .text.TileNormM4
                0x00041858      0x184 pico/mode4.o
 .text.draw_strip
                0x000419dc      0x24c pico/mode4.o
 .text.FinalizeLine8bitM4
                0x00041c28       0x38 pico/mode4.o
 .text.FinalizeLineRGB555M4
                0x00041c60       0xac pico/mode4.o
 .text.PicoFrameStartMode4
                0x00041d0c       0xe8 pico/mode4.o
                0x00041d0c                PicoFrameStartMode4
 .text.PicoLineMode4
                0x00041df4      0x364 pico/mode4.o
                0x00041df4                PicoLineMode4
 .text.PicoDoHighPal555M4
                0x00042158       0x8c pico/mode4.o
                0x00042158                PicoDoHighPal555M4
 .text.PicoDrawSetOutputMode4
                0x000421e4       0x4c pico/mode4.o
                0x000421e4                PicoDrawSetOutputMode4
 .text.EEPROM_write16
                0x00042230      0x344 pico/eeprom.o
                0x00042230                EEPROM_write16
 .text.EEPROM_write8
                0x00042574      0x35c pico/eeprom.o
                0x00042574                EEPROM_write8
 .text.EEPROM_read
                0x000428d0      0x39c pico/eeprom.o
                0x000428d0                EEPROM_read
 .text.genie_decode
                0x00042c6c      0x15c pico/patch.o
 .text.PicoPatchUnload
                0x00042dc8       0x30 pico/patch.o
                0x00042dc8                PicoPatchUnload
 .text.PicoPatchLoad
                0x00042df8      0x844 pico/patch.o
                0x00042df8                PicoPatchLoad
 .text.PicoPatchPrepare
                0x0004363c       0x84 pico/patch.o
                0x0004363c                PicoPatchPrepare
 .text.PicoPatchApply
                0x000436c0       0xb4 pico/patch.o
                0x000436c0                PicoPatchApply
 .text.PDebugMain
                0x00043774      0x3dc pico/debug.o
                0x00043774                PDebugMain
 .text.PDebug32x
                0x00043b50      0x2f8 pico/debug.o
                0x00043b50                PDebug32x
 .text.PDebugSpriteList
                0x00043e48      0x110 pico/debug.o
                0x00043e48                PDebugSpriteList
 .text.PDebugShowSpriteStats
                0x00043f58      0x168 pico/debug.o
                0x00043f58                PDebugShowSpriteStats
 .text.PDebugShowPalette
                0x000440c0      0x140 pico/debug.o
                0x000440c0                PDebugShowPalette
 .text.PDebugShowSprite
                0x00044200      0x218 pico/debug.o
                0x00044200                PDebugShowSprite
 .text.PDebugDumpMem
                0x00044418      0x854 pico/debug.o
                0x00044418                PDebugDumpMem
 .text.PDebugZ80Frame
                0x00044c6c      0x2fc pico/debug.o
                0x00044c6c                PDebugZ80Frame
 .text.PDebugCPUStep
                0x00044f68       0x28 pico/debug.o
                0x00044f68                PDebugCPUStep
 .text.PicoCdCheck
                0x00044f90      0x340 pico/media.o
                0x00044f90                PicoCdCheck
 .text.PicoLoadMedia
                0x000452d0      0x6cc pico/media.o
                0x000452d0                PicoLoadMedia
 .text.z80_sms_in
                0x0004599c      0x12c pico/sms.o
 .text.xwrite   0x00045ac8      0x124 pico/sms.o
 .text.z80_sms_out
                0x00045bec      0x154 pico/sms.o
 .text.PicoResetMS
                0x00045d40       0x10 pico/sms.o
                0x00045d40                PicoResetMS
 .text.PicoPowerMS
                0x00045d50       0xd0 pico/sms.o
                0x00045d50                PicoPowerMS
 .text.PicoMemSetupMS
                0x00045e20       0xf0 pico/sms.o
                0x00045e20                PicoMemSetupMS
 .text.PicoStateLoadedMS
                0x00045f10       0x84 pico/sms.o
                0x00045f10                PicoStateLoadedMS
 .text.PicoFrameMS
                0x00045f94      0x214 pico/sms.o
                0x00045f94                PicoFrameMS
 .text.PicoFrameDrawOnlyMS
                0x000461a8       0x24 pico/sms.o
                0x000461a8                PicoFrameDrawOnlyMS
 .text.pcd_dma_event
                0x000461cc        0x4 pico/cd/mcd.o
 .text.pcd_int3_timer_event
                0x000461d0       0x9c pico/cd/mcd.o
 .text.pcd_cdc_event
                0x0004626c       0xa8 pico/cd/mcd.o
 .text.pcd_sync_s68k.constprop.2
                0x00046314      0x2e4 pico/cd/mcd.o
 .text.PicoInitMCD
                0x000465f8        0x4 pico/cd/mcd.o
                0x000465f8                PicoInitMCD
 .text.PicoExitMCD
                0x000465fc        0x4 pico/cd/mcd.o
                0x000465fc                PicoExitMCD
 .text.PicoPowerMCD
                0x00046600      0x120 pico/cd/mcd.o
                0x00046600                PicoPowerMCD
 .text.pcd_soft_reset
                0x00046720      0x110 pico/cd/mcd.o
                0x00046720                pcd_soft_reset
 .text.PicoResetMCD
                0x00046830       0x68 pico/cd/mcd.o
                0x00046830                PicoResetMCD
 .text.pcd_event_schedule
                0x00046898       0x54 pico/cd/mcd.o
                0x00046898                pcd_event_schedule
 .text.pcd_event_schedule_s68k
                0x000468ec       0xa8 pico/cd/mcd.o
                0x000468ec                pcd_event_schedule_s68k
 .text.pcd_sync_s68k
                0x00046994      0x304 pico/cd/mcd.o
                0x00046994                pcd_sync_s68k
 .text.pcd_run_cpus
                0x00046c98      0x14c pico/cd/mcd.o
                0x00046c98                pcd_run_cpus
 .text.pcd_prepare_frame
                0x00046de4       0x58 pico/cd/mcd.o
                0x00046de4                pcd_prepare_frame
 .text.PicoFrameMCD
                0x00046e3c      0xb08 pico/cd/mcd.o
                0x00046e3c                PicoFrameMCD
 .text.pcd_state_loaded
                0x00047944      0x244 pico/cd/mcd.o
                0x00047944                pcd_state_loaded
 .text.s68k_unmapped_read8
                0x00047b88        0x8 pico/cd/memory.o
 .text.s68k_unmapped_read16
                0x00047b90        0x8 pico/cd/memory.o
 .text.s68k_unmapped_write8
                0x00047b98        0x4 pico/cd/memory.o
 .text.s68k_unmapped_write16
                0x00047b9c        0x4 pico/cd/memory.o
 .text.PicoWriteS68k8_prgwp
                0x00047ba0       0x2c pico/cd/memory.o
 .text.PicoWriteS68k16_prgwp
                0x00047bcc       0x24 pico/cd/memory.o
 .text.PicoReadS68k8_bram
                0x00047bf0       0x20 pico/cd/memory.o
 .text.PicoReadS68k16_bram
                0x00047c10       0x30 pico/cd/memory.o
 .text.PicoWriteS68k8_bram
                0x00047c40       0x30 pico/cd/memory.o
 .text.PicoWriteS68k16_bram
                0x00047c70       0x44 pico/cd/memory.o
 .text.PicoReadM68k8_ramc
                0x00047cb4       0x9c pico/cd/memory.o
 .text.PicoWriteM68k8_ramc
                0x00047d50       0x80 pico/cd/memory.o
 .text.remap_word_ram.part.3
                0x00047dd0      0x178 pico/cd/memory.o
 .text.PicoWriteM68k16_ramc
                0x00047f48       0x84 pico/cd/memory.o
 .text.PicoReadM68k16_ramc
                0x00047fcc       0x98 pico/cd/memory.o
 .text.m68k_comm_check
                0x00048064       0xd0 pico/cd/memory.o
                0x00048064                m68k_comm_check
 .text.m68k_reg_write8
                0x00048134      0x380 pico/cd/memory.o
                0x00048134                m68k_reg_write8
 .text.s68k_poll_detect
                0x000484b4       0xd8 pico/cd/memory.o
                0x000484b4                s68k_poll_detect
 .text.s68k_reg_read16
                0x0004858c      0x4e0 pico/cd/memory.o
                0x0004858c                s68k_reg_read16
 .text.s68k_reg_write8
                0x00048a6c      0x4b8 pico/cd/memory.o
                0x00048a6c                s68k_reg_write8
 .text.s68k_reg_write16
                0x00048f24      0x2c8 pico/cd/memory.o
                0x00048f24                s68k_reg_write16
 .text.pcd_state_loaded_mem
                0x000491ec       0xdc pico/cd/memory.o
                0x000491ec                pcd_state_loaded_mem
 .text.PicoMemSetupCD
                0x000492c8      0x40c pico/cd/memory.o
                0x000492c8                PicoMemSetupCD
 .text.SekIntAckS68k
                0x000496d4       0x64 pico/cd/sek.o
 .text.SekResetAckS68k
                0x00049738        0x4 pico/cd/sek.o
 .text.SekUnrecognizedOpcodeS68k
                0x0004973c        0x8 pico/cd/sek.o
 .text.SekInitS68k
                0x00049744       0x44 pico/cd/sek.o
                0x00049744                SekInitS68k
 .text.SekResetS68k
                0x00049788       0x34 pico/cd/sek.o
                0x00049788                SekResetS68k
 .text.SekInterruptS68k
                0x000497bc       0x58 pico/cd/sek.o
                0x000497bc                SekInterruptS68k
 .text.SekInterruptClearS68k
                0x00049814       0x58 pico/cd/sek.o
                0x00049814                SekInterruptClearS68k
 .text.cdc_init
                0x0004986c       0x14 pico/cd/cdc.o
                0x0004986c                cdc_init
 .text.cdc_reset
                0x00049880       0x7c pico/cd/cdc.o
                0x00049880                cdc_reset
 .text.cdc_context_save
                0x000498fc       0x74 pico/cd/cdc.o
                0x000498fc                cdc_context_save
 .text.cdc_context_load
                0x00049970       0xd8 pico/cd/cdc.o
                0x00049970                cdc_context_load
 .text.cdc_context_load_old
                0x00049a48      0x104 pico/cd/cdc.o
                0x00049a48                cdc_context_load_old
 .text.cdc_dma_update
                0x00049b4c      0x2f8 pico/cd/cdc.o
                0x00049b4c                cdc_dma_update
 .text.cdc_decoder_update
                0x00049e44       0xe8 pico/cd/cdc.o
                0x00049e44                cdc_decoder_update
 .text.cdc_reg_w
                0x00049f2c      0x3f4 pico/cd/cdc.o
                0x00049f2c                cdc_reg_w
 .text.cdc_reg_r
                0x0004a320      0x224 pico/cd/cdc.o
                0x0004a320                cdc_reg_r
 .text.cdc_host_r
                0x0004a544       0xe4 pico/cd/cdc.o
                0x0004a544                cdc_host_r
 .text.cdd_reset
                0x0004a628       0x3c pico/cd/cdd.o
                0x0004a628                cdd_reset
 .text.cdd_context_save
                0x0004a664       0x50 pico/cd/cdd.o
                0x0004a664                cdd_context_save
 .text.cdd_context_load
                0x0004a6b4      0x108 pico/cd/cdd.o
                0x0004a6b4                cdd_context_load
 .text.cdd_context_load_old
                0x0004a7bc       0x18 pico/cd/cdd.o
                0x0004a7bc                cdd_context_load_old
 .text.cdd_unload
                0x0004a7d4       0xfc pico/cd/cdd.o
                0x0004a7d4                cdd_unload
 .text.cdd_load
                0x0004a8d0      0x49c pico/cd/cdd.o
                0x0004a8d0                cdd_load
 .text.cdd_read_data
                0x0004ad6c       0x60 pico/cd/cdd.o
                0x0004ad6c                cdd_read_data
 .text.cdd_update
                0x0004adcc      0x364 pico/cd/cdd.o
                0x0004adcc                cdd_update
 .text.cdd_process
                0x0004b130      0xd00 pico/cd/cdd.o
                0x0004b130                cdd_process
 .text.handle_mp3
                0x0004be30       0xf8 pico/cd/cd_image.o
 .text.load_cd_image
                0x0004bf28      0x844 pico/cd/cd_image.o
                0x0004bf28                load_cd_image
 .text.cue_parse
                0x0004c76c     0x13c4 pico/cd/cue.o
                0x0004c76c                cue_parse
 .text.cue_destroy
                0x0004db30       0x4c pico/cd/cue.o
                0x0004db30                cue_destroy
 .text.gfx_init
                0x0004db7c      0x378 pico/cd/gfx.o
                0x0004db7c                gfx_init
 .text.gfx_context_save
                0x0004def4       0x94 pico/cd/gfx.o
                0x0004def4                gfx_context_save
 .text.gfx_context_load
                0x0004df88       0x88 pico/cd/gfx.o
                0x0004df88                gfx_context_load
 .text.gfx_start
                0x0004e010      0x1a4 pico/cd/gfx.o
                0x0004e010                gfx_start
 .text.gfx_update
                0x0004e1b4      0x35c pico/cd/gfx.o
                0x0004e1b4                gfx_update
 .text.DmaSlowCell
                0x0004e510      0x27c pico/cd/gfx_dma.o
                0x0004e510                DmaSlowCell
 .text.pcd_pcm_sync
                0x0004e78c      0x254 pico/cd/pcm.o
                0x0004e78c                pcd_pcm_sync
 .text.pcd_pcm_write
                0x0004e9e0       0xd0 pico/cd/pcm.o
                0x0004e9e0                pcd_pcm_write
 .text.pcd_pcm_read
                0x0004eab0       0x7c pico/cd/pcm.o
                0x0004eab0                pcd_pcm_read
 .text.pcd_pcm_update
                0x0004eb2c      0x160 pico/cd/pcm.o
                0x0004eb2c                pcd_pcm_update
 .text.sh2_irq_cb
                0x0004ec8c       0x30 pico/32x/32x.o
 .text.fillend_event
                0x0004ecbc       0x48 pico/32x/32x.o
 .text.p32x_sync_sh2s.part.1
                0x0004ed04      0x3b4 pico/32x/32x.o
 .text.hint_event
                0x0004f0b8      0x17c pico/32x/32x.o
 .text.p32x_update_irls
                0x0004f234      0x17c pico/32x/32x.o
                0x0004f234                p32x_update_irls
 .text.p32x_trigger_irq
                0x0004f3b0       0x50 pico/32x/32x.o
                0x0004f3b0                p32x_trigger_irq
 .text.p32x_update_cmd_irq
                0x0004f400       0x84 pico/32x/32x.o
                0x0004f400                p32x_update_cmd_irq
 .text.Pico32xStartup
                0x0004f484       0xd4 pico/32x/32x.o
                0x0004f484                Pico32xStartup
 .text.p32x_reset_sh2s
                0x0004f558      0x1ac pico/32x/32x.o
                0x0004f558                p32x_reset_sh2s
 .text.Pico32xInit
                0x0004f704       0x68 pico/32x/32x.o
                0x0004f704                Pico32xInit
 .text.PicoPower32x
                0x0004f76c       0x30 pico/32x/32x.o
                0x0004f76c                PicoPower32x
 .text.PicoUnload32x
                0x0004f79c       0x5c pico/32x/32x.o
                0x0004f79c                PicoUnload32x
 .text.PicoReset32x
                0x0004f7f8      0x134 pico/32x/32x.o
                0x0004f7f8                PicoReset32x
 .text.p32x_schedule_hint
                0x0004f92c      0x130 pico/32x/32x.o
                0x0004f92c                p32x_schedule_hint
 .text.p32x_event_schedule
                0x0004fa5c       0x3c pico/32x/32x.o
                0x0004fa5c                p32x_event_schedule
 .text.p32x_event_schedule_sh2
                0x0004fa98       0x94 pico/32x/32x.o
                0x0004fa98                p32x_event_schedule_sh2
 .text.p32x_sync_other_sh2
                0x0004fb2c      0x104 pico/32x/32x.o
                0x0004fb2c                p32x_sync_other_sh2
 .text.p32x_sync_sh2s
                0x0004fc30       0x30 pico/32x/32x.o
                0x0004fc30                p32x_sync_sh2s
 .text.PicoFrame32x
                0x0004fc60     0x1164 pico/32x/32x.o
                0x0004fc60                PicoFrame32x
 .text.Pico32xSetClocks
                0x00050dc4       0x7c pico/32x/32x.o
                0x00050dc4                Pico32xSetClocks
 .text.Pico32xStateLoaded
                0x00050e40      0x1c4 pico/32x/32x.o
                0x00050e40                Pico32xStateLoaded
 .text.m68k_write16_dram0_ow
                0x00051004       0x48 pico/32x/memory.o
 .text.m68k_write16_dram1_ow
                0x0005104c       0x48 pico/32x/memory.o
 .text.PicoWrite8_hint
                0x00051094       0x30 pico/32x/memory.o
 .text.sh2_read8_unmapped
                0x000510c4        0x8 pico/32x/memory.o
 .text.sh2_read8_da
                0x000510cc       0x14 pico/32x/memory.o
 .text.sh2_read16_unmapped
                0x000510e0        0x8 pico/32x/memory.o
 .text.sh2_read16_da
                0x000510e8       0x10 pico/32x/memory.o
 .text.sh2_write_ignore
                0x000510f8        0x4 pico/32x/memory.o
 .text.sh2_write8_unmapped
                0x000510fc        0x4 pico/32x/memory.o
 .text.sh2_write16_unmapped
                0x00051100        0x4 pico/32x/memory.o
 .text.sh2_write16_dram0
                0x00051104       0x48 pico/32x/memory.o
 .text.sh2_write16_dram1
                0x0005114c       0x48 pico/32x/memory.o
 .text.PicoRead16_bank
                0x00051194       0x14 pico/32x/memory.o
 .text.PicoRead8_bank
                0x000511a8       0x14 pico/32x/memory.o
 .text.z80_md_bank_write_32x
                0x000511bc       0x50 pico/32x/memory.o
 .text.PicoWrite8_bank
                0x0005120c       0x18 pico/32x/memory.o
 .text.PicoWrite8_cart
                0x00051224        0xc pico/32x/memory.o
 .text.sh2_write16_da
                0x00051230       0x48 pico/32x/memory.o
 .text.sh2_write8_da
                0x00051278       0x50 pico/32x/memory.o
 .text.sh2_write16_sdram
                0x000512c8       0x44 pico/32x/memory.o
 .text.sh2_write8_sdram
                0x0005130c       0x48 pico/32x/memory.o
 .text.PicoWrite16_bank
                0x00051354       0x18 pico/32x/memory.o
 .text.PicoWrite16_cart
                0x0005136c        0xc pico/32x/memory.o
 .text.m68k_write8_dram0_ow
                0x00051378       0x2c pico/32x/memory.o
 .text.m68k_write8_dram1_ow
                0x000513a4       0x2c pico/32x/memory.o
 .text.PicoWrite16_hint
                0x000513d0       0x30 pico/32x/memory.o
 .text.sh2_write8_dram0
                0x00051400       0x2c pico/32x/memory.o
 .text.sh2_write8_dram1
                0x0005142c       0x2c pico/32x/memory.o
 .text.p32x_reg_read16
                0x00051458      0x1dc pico/32x/memory.o
 .text.PicoRead8_32x_on
                0x00051634      0x110 pico/32x/memory.o
 .text.sh2_write8_sdram_wt
                0x00051744       0x84 pico/32x/memory.o
 .text.bank_switch.part.5
                0x000517c8      0x108 pico/32x/memory.o
 .text.p32x_reg_write8
                0x000518d0      0x520 pico/32x/memory.o
 .text.p32x_reg_write16
                0x00051df0      0x414 pico/32x/memory.o
 .text.p32x_sh2reg_read16
                0x00052204      0x330 pico/32x/memory.o
 .text.sh2_read16_cs0
                0x00052534      0x190 pico/32x/memory.o
 .text.sh2_read8_cs0
                0x000526c4      0x1a8 pico/32x/memory.o
 .text.PicoRead16_32x_on
                0x0005286c       0xf4 pico/32x/memory.o
 .text.p32x_sh2_poll_event
                0x00052960       0x34 pico/32x/memory.o
                0x00052960                p32x_sh2_poll_event
 .text.PicoRead8_32x
                0x00052994       0x50 pico/32x/memory.o
                0x00052994                PicoRead8_32x
 .text.PicoRead16_32x
                0x000529e4       0x54 pico/32x/memory.o
                0x000529e4                PicoRead16_32x
 .text.PicoWrite8_32x
                0x00052a38       0x88 pico/32x/memory.o
                0x00052a38                PicoWrite8_32x
 .text.PicoWrite16_32x
                0x00052ac0       0x80 pico/32x/memory.o
                0x00052ac0                PicoWrite16_32x
 .text.p32x_sh2_read8
                0x00052b40       0x40 pico/32x/memory.o
                0x00052b40                p32x_sh2_read8
 .text.p32x_sh2_read16
                0x00052b80       0x44 pico/32x/memory.o
                0x00052b80                p32x_sh2_read16
 .text.p32x_sh2_read32
                0x00052bc4       0x80 pico/32x/memory.o
                0x00052bc4                p32x_sh2_read32
 .text.p32x_sh2_write8
                0x00052c44       0x10 pico/32x/memory.o
                0x00052c44                p32x_sh2_write8
 .text.p32x_sh2_write16
                0x00052c54       0x10 pico/32x/memory.o
                0x00052c54                p32x_sh2_write16
 .text.p32x_sh2_write32
                0x00052c64       0x4c pico/32x/memory.o
                0x00052c64                p32x_sh2_write32
 .text.Pico32xSwapDRAM
                0x00052cb0      0x1e8 pico/32x/memory.o
                0x00052cb0                Pico32xSwapDRAM
 .text.p32x_vdp_write8
                0x00052e98       0xe0 pico/32x/memory.o
 .text.sh2_write8_cs0
                0x00052f78      0x438 pico/32x/memory.o
 .text.PicoWrite8_32x_on
                0x000533b0       0xf0 pico/32x/memory.o
 .text.sh2_write16_cs0
                0x000534a0      0x66c pico/32x/memory.o
 .text.PicoWrite16_32x_on
                0x00053b0c      0x168 pico/32x/memory.o
 .text.PicoMemSetup32x
                0x00053c74      0x838 pico/32x/memory.o
                0x00053c74                PicoMemSetup32x
 .text.Pico32xMemStateLoaded
                0x000544ac       0xb4 pico/32x/memory.o
                0x000544ac                Pico32xMemStateLoaded
 .text.do_loop_dc
                0x00054560       0xbc pico/32x/draw.o
 .text.do_loop_pp
                0x0005461c       0xd4 pico/32x/draw.o
 .text.do_loop_rl
                0x000546f0      0x108 pico/32x/draw.o
 .text.do_loop_dc_md
                0x000547f8      0x100 pico/32x/draw.o
 .text.do_loop_pp_md
                0x000548f8       0xe8 pico/32x/draw.o
 .text.do_loop_rl_md
                0x000549e0      0x120 pico/32x/draw.o
 .text.do_loop_dc_scan
                0x00054b00      0x124 pico/32x/draw.o
 .text.do_loop_pp_scan
                0x00054c24      0x13c pico/32x/draw.o
 .text.do_loop_rl_scan
                0x00054d60      0x178 pico/32x/draw.o
 .text.do_loop_dc_scan_md
                0x00054ed8      0x160 pico/32x/draw.o
 .text.do_loop_pp_scan_md
                0x00055038      0x144 pico/32x/draw.o
 .text.do_loop_rl_scan_md
                0x0005517c      0x198 pico/32x/draw.o
 .text.FinalizeLine32xRGB555
                0x00055314      0x2b4 pico/32x/draw.o
                0x00055314                FinalizeLine32xRGB555
 .text.PicoDraw32xLayer
                0x000555c8      0x228 pico/32x/draw.o
                0x000555c8                PicoDraw32xLayer
 .text.PicoDraw32xLayerMdOnly
                0x000557f0      0x1f8 pico/32x/draw.o
                0x000557f0                PicoDraw32xLayerMdOnly
 .text.PicoDrawSetOutFormat32x
                0x000559e8       0x74 pico/32x/draw.o
                0x000559e8                PicoDrawSetOutFormat32x
 .text.dmac_transfer_one
                0x00055a5c      0x1a8 pico/32x/sh2soc.o
 .text.dreq0_do
                0x00055c04      0x18c pico/32x/sh2soc.o
 .text.dmac_trigger
                0x00055d90      0x2d4 pico/32x/sh2soc.o
 .text.p32x_timers_recalc
                0x00056064       0x5c pico/32x/sh2soc.o
                0x00056064                p32x_timers_recalc
 .text.p32x_timers_do
                0x000560c0       0xbc pico/32x/sh2soc.o
                0x000560c0                p32x_timers_do
 .text.sh2_peripheral_reset
                0x0005617c       0x48 pico/32x/sh2soc.o
                0x0005617c                sh2_peripheral_reset
 .text.sh2_peripheral_read8
                0x000561c4       0x18 pico/32x/sh2soc.o
                0x000561c4                sh2_peripheral_read8
 .text.sh2_peripheral_read16
                0x000561dc       0x18 pico/32x/sh2soc.o
                0x000561dc                sh2_peripheral_read16
 .text.sh2_peripheral_read32
                0x000561f4       0x18 pico/32x/sh2soc.o
                0x000561f4                sh2_peripheral_read32
 .text.sh2_peripheral_write8
                0x0005620c      0x22c pico/32x/sh2soc.o
                0x0005620c                sh2_peripheral_write8
 .text.sh2_peripheral_write16
                0x00056438       0xa4 pico/32x/sh2soc.o
                0x00056438                sh2_peripheral_write16
 .text.sh2_peripheral_write32
                0x000564dc      0x1cc pico/32x/sh2soc.o
                0x000564dc                sh2_peripheral_write32
 .text.p32x_dreq0_trigger
                0x000566a8       0x78 pico/32x/sh2soc.o
                0x000566a8                p32x_dreq0_trigger
 .text.p32x_dreq1_trigger
                0x00056720      0x13c pico/32x/sh2soc.o
                0x00056720                p32x_dreq1_trigger
 .text.consume_fifo_do
                0x0005685c      0x240 pico/32x/pwm.o
 .text.p32x_pwm_ctl_changed
                0x00056a9c       0x6c pico/32x/pwm.o
                0x00056a9c                p32x_pwm_ctl_changed
 .text.p32x_pwm_schedule_sh2
                0x00056b08       0xc0 pico/32x/pwm.o
                0x00056b08                p32x_pwm_schedule_sh2
 .text.p32x_pwm_sync_to_sh2
                0x00056bc8       0x58 pico/32x/pwm.o
                0x00056bc8                p32x_pwm_sync_to_sh2
 .text.p32x_pwm_irq_event
                0x00056c20       0xa4 pico/32x/pwm.o
                0x00056c20                p32x_pwm_irq_event
 .text.p32x_pwm_read16
                0x00056cc4       0xbc pico/32x/pwm.o
                0x00056cc4                p32x_pwm_read16
 .text.p32x_pwm_write16
                0x00056d80      0x1f4 pico/32x/pwm.o
                0x00056d80                p32x_pwm_write16
 .text.p32x_pwm_update
                0x00056f74      0x254 pico/32x/pwm.o
                0x00056f74                p32x_pwm_update
 .text.p32x_pwm_state_loaded
                0x000571c8       0xf0 pico/32x/pwm.o
                0x000571c8                p32x_pwm_state_loaded
 .text.PicoLinePico
                0x000572b8      0x114 pico/pico/pico.o
 .text.PicoResetPico
                0x000573cc       0x1c pico/pico/pico.o
 .text.PicoReratePico
                0x000573e8       0x80 pico/pico/pico.o
                0x000573e8                PicoReratePico
 .text.PicoInitPico
                0x00057468       0xe4 pico/pico/pico.o
                0x00057468                PicoInitPico
 .text.PicoWrite8_pico
                0x0005754c        0x4 pico/pico/memory.o
 .text.PicoRead8_pico
                0x00057550      0x124 pico/pico/memory.o
 .text.PicoRead16_pico
                0x00057674       0x60 pico/pico/memory.o
 .text.PicoWrite16_pico
                0x000576d4       0x94 pico/pico/memory.o
 .text.PicoMemSetupPico
                0x00057768       0xb0 pico/pico/memory.o
                0x00057768                PicoMemSetupPico
 .text.PicoPicoPCMReset
                0x00057818       0x38 pico/pico/xpcm.o
                0x00057818                PicoPicoPCMReset
 .text.PicoPicoPCMRerate
                0x00057850       0x2c pico/pico/xpcm.o
                0x00057850                PicoPicoPCMRerate
 .text.PicoPicoPCMUpdate
                0x0005787c      0x3a8 pico/pico/xpcm.o
                0x0005787c                PicoPicoPCMUpdate
 .text.PicoWrite8_plk3p
                0x00057c24       0x18 pico/carthw/carthw.o
 .text.carthw_ssf2_mem_setup
                0x00057c3c       0x38 pico/carthw/carthw.o
 .text.carthw_Xin1_mem_setup
                0x00057c74       0x38 pico/carthw/carthw.o
 .text.carthw_realtec_reset
                0x00057cac       0xb8 pico/carthw/carthw.o
 .text.carthw_realtec_write8
                0x00057d64      0x144 pico/carthw/carthw.o
 .text.carthw_radica_mem_setup
                0x00057ea8       0x38 pico/carthw/carthw.o
 .text.carthw_pier_mem_setup
                0x00057ee0       0x7c pico/carthw/carthw.o
 .text.carthw_sprot_mem_setup
                0x00057f5c      0x168 pico/carthw/carthw.o
 .text.carthw_prot_lk3_mem_setup
                0x000580c4       0x80 pico/carthw/carthw.o
 .text.PicoWrite8_plk3b
                0x00058144       0x3c pico/carthw/carthw.o
 .text.carthw_pier_read8
                0x00058180       0x24 pico/carthw/carthw.o
 .text.carthw_sprot_unload
                0x000581a4       0x28 pico/carthw/carthw.o
 .text.PicoRead8_plk3
                0x000581cc       0x7c pico/carthw/carthw.o
 .text.carthw_ssf2_write8
                0x00058248       0xd8 pico/carthw/carthw.o
 .text.carthw_pier_write8
                0x00058320      0x19c pico/carthw/carthw.o
 .text.PicoRead8_sprot
                0x000584bc       0x90 pico/carthw/carthw.o
 .text.PicoWrite8_sprot
                0x0005854c       0xa8 pico/carthw/carthw.o
 .text.carthw_pier_write8.part.3.constprop.13
                0x000585f4       0x10 pico/carthw/carthw.o
 .text.carthw_pier_statef
                0x00058604      0x3c0 pico/carthw/carthw.o
 .text.carthw_pier_prot_read8
                0x000589c4       0x84 pico/carthw/carthw.o
 .text.carthw_pier_reset
                0x00058a48       0x1c pico/carthw/carthw.o
 .text.carthw_Xin1_statef
                0x00058a64       0xd8 pico/carthw/carthw.o
 .text.PicoRead16_sprot
                0x00058b3c       0x80 pico/carthw/carthw.o
 .text.carthw_ssf2_statef